Microchip MPLAB XC8 Compiler V2.46

Linker command line:

-W-3 \
  --edf=C:\Program Files\Microchip\xc8\v2.46\pic\dat\20240104201356_en.msgs \
  -cn -h+dist/default/debug\Practica_5_MiguelPetruzzella.X.debug.sym \
  --cmf=dist/default/debug\Practica_5_MiguelPetruzzella.X.debug.cmf -z \
  -Q18F45K50 -oC:\Users\migue\AppData\Local\Temp\xcAs53k.\driver_tmp_3.o \
  --defsym=__MPLAB_BUILD=1 --fixupoverflow=error \
  -Mdist/default/debug/Practica_5_MiguelPetruzzella.X.debug.map \
  --md=C:\Users\migue\AppData\Local\Temp\xcAs53k.\driver_tmp_0.dat -E1 \
  -ver=XC8 Compiler --acfsm=1493 -p_firma_text=1006h -ACODE=00h-07FFFh \
  -ACONST=00h-07FFFh -ASMALLCONST=0800h-08FFhx120 \
  -AMEDIUMCONST=0800h-07FFFh -ACOMRAM=01h-05Fh -AABS1=00h-07FFh \
  -ABIGRAM=01h-07FFh -ARAM=060h-0FFh,0100h-01FFhx7 -ABANK0=060h-0FFh \
  -ABANK1=0100h-01FFh -ABANK2=0200h-02FFh -ABANK3=0300h-03FFh \
  -ABANK4=0400h-04FFh -ABANK5=0500h-05FFh -ABANK6=0600h-06FFh \
  -ABANK7=0700h-07FFh -ASFR=0F53h-0F5Fh,0F60h-0FFFh -ABIGSFR=0F53h-0FFFh \
  -ACONFIG=0300000h-030000Dh -AIDLOC=0200000h-0200007h \
  -AEEDATA=0F00000h-0F000FFh -peeprom_data=EEDATA \
  -preset_vec=00h,intcode,intcodelo=18h,powerup,init -pramtop=0800h \
  -psmallconst=SMALLCONST -pmediumconst=MEDIUMCONST -pconst=CONST \
  -AFARRAM=00h-00h \
  -prdata=COMRAM,nvrram=COMRAM,nvbit=COMRAM,rbss=COMRAM,rbit=COMRAM \
  -pfarbss=FARRAM,fardata=FARRAM,nvFARRAM=FARRAM \
  -pintsave_regs=BIGRAM,bigbss=BIGRAM,bigdata=BIGRAM -pbss=RAM \
  -pidata=CODE,irdata=CODE,ibigdata=CODE,ifardata=CODE -prparam=COMRAM \
  C:\Users\migue\AppData\Local\Temp\xcAs53k.\driver_tmp_14.o \
  dist/default/debug\Practica_5_MiguelPetruzzella.X.debug.o 

Object code version is 3.11

Machine type is 18F45K50



                Name                               Link     Load   Length Selector   Space Scale
C:\Users\migue\AppData\Local\Temp\xcAs53k.\driver_tmp_14.o
                idloc                            200000   200000        8        0       5
                config                           300000   300000        E        0       4
                init                                 88       88        4        C       0
                reset_vec                             0        0        4        0       0
dist/default/debug\Practica_5_MiguelPetruzzella.X.debug.o
                intcodelo                            18       18       70        C       0
                idloc                            200000   200000        8        0       5
                config                           300000   300000        E        0       4
                temp                                 4A       4A        1        1       1
                smallconst                          800      800       38      400       0
                text12                             185E     185E       26      803       0
                text11                             170A     170A       46      803       0
                text10                             14EC     14EC       C4      803       0
                text9                              15B0     15B0       B0      803       0
                text8                              1804     1804       34      803       0
                text7                              1884     1884        2      803       0
                text6                              1660     1660       AA      803       0
                text5                              122C     122C      1B8      803       0
                text4                              1792     1792       3E      803       0
                text3                              17D0     17D0       34      803       0
                text2                              13E4     13E4      108      803       0
                text1                              1750     1750       42      803       0
                text0                              1008     1008      224      803       0
                cstackCOMRAM                          1        1       39        1       1
                cstackBANK0                          80       80       10       60       1
                bssBANK0                             60       60       20       60       1
                bssCOMRAM                            3A       3A       10        1       1
                cinit                              1838     1838       26      803       0
                _firma_text                        1006     1006        2      803       0

TOTAL           Name                               Link     Load   Length     Space
        CLASS   CODE           
                intcodelo                            18       18       70         0
                init                                 88       88        4         0
                reset_vec                             0        0        4         0
                text12                             185E     185E       26         0
                text11                             170A     170A       46         0
                text10                             14EC     14EC       C4         0
                text9                              15B0     15B0       B0         0
                text8                              1804     1804       34         0
                text7                              1884     1884        2         0
                text6                              1660     1660       AA         0
                text5                              122C     122C      1B8         0
                text4                              1792     1792       3E         0
                text3                              17D0     17D0       34         0
                text2                              13E4     13E4      108         0
                text1                              1750     1750       42         0
                text0                              1008     1008      224         0
                cinit                              1838     1838       26         0
                _firma_text                        1006     1006        2         0

        CLASS   CONST          

        CLASS   SMALLCONST     
                smallconst                          800      800       38         0

        CLASS   MEDIUMCONST    

        CLASS   COMRAM         
                temp                                 4A       4A        1         1
                cstackCOMRAM                          1        1       39         1
                bssCOMRAM                            3A       3A       10         1

        CLASS   ABS1           

        CLASS   BIGRAM         

        CLASS   RAM            

        CLASS   BANK0          
                cstackBANK0                          80       80       10         1
                bssBANK0                             60       60       20         1

        CLASS   BANK1          

        CLASS   BANK2          

        CLASS   BANK3          

        CLASS   BANK4          

        CLASS   BANK5          

        CLASS   BANK6          

        CLASS   BANK7          

        CLASS   SFR            

        CLASS   BIGSFR         

        CLASS   CONFIG         
                config                           300000   300000        E         4

        CLASS   IDLOC          
                idloc                            200000   200000        8         5

        CLASS   EEDATA         

        CLASS   FARRAM         

        CLASS   HEAP           

        CLASS   STACK          



SEGMENTS        Name                           Load    Length   Top    Selector   Space  Class

                reset_vec                      000000  000004  000004         0       0  CODE    
                cstackCOMRAM                   000001  00004A  00004B         1       1  COMRAM  
                intcodelo                      000018  000074  00008C         C       0  CODE    
                bssBANK0                       000060  000030  000090        60       1  BANK0   
                smallconst                     000800  000038  000838       400       0  SMALLCON
                _firma_text                    001006  000880  001886       803       0  CODE    


UNUSED ADDRESS RANGES

        Name                Unused          Largest block    Delta
        BANK0            000090-0000FF               70
        BANK1            000100-0001FF              100
        BANK2            000200-0002FF              100
        BANK3            000300-0003FF              100
        BANK4            000400-0004FF              100
        BANK5            000500-0005FF              100
        BANK6            000600-0006FF              100
        BANK7            000700-0007FF              100
        BIGRAM           00004B-00005F               15
                         000090-0007FF              770
        BIGSFR           000F53-000FFF               AD
        CODE             000004-000017               14
                         00008C-0007FF              774
                         000838-001005              7CE
                         001886-007FFF             677A
        COMRAM           00004B-00005F               15
        CONST            000004-000017               14
                         00008C-0007FF              774
                         000838-001005              7CE
                         001886-007FFF             677A
        EEDATA           F00000-F000FF              100
        MEDIUMCONST      000838-001005              7CE
                         001886-007FFF             677A
        RAM              000090-0007FF              100
        SFR              000F53-000FFF                D
        SMALLCONST       000838-001005              100
                         001886-007FFF              100

                                  Symbol Table

?___awdiv                cstackCOMRAM 000007
?___awmod                cstackCOMRAM 00000F
?___wmul                 cstackCOMRAM 000007
?_abs                    cstackCOMRAM 000015
?_sprintf                cstackCOMRAM 000028
?_vfprintf               cstackCOMRAM 000024
_ANSELC                  (abs)        000F5D
_BAUDCON1                (abs)        000FB8
_INTCON                  (abs)        000FF2
_INTCON2bits             (abs)        000FF1
_INTCONbits              (abs)        000FF2
_IPR1bits                (abs)        000F9F
_OSCCON                  (abs)        000FD3
_OSCCON2                 (abs)        000FD2
_OSCTUNE                 (abs)        000F9B
_PIE1bits                (abs)        000F9D
_PIR1bits                (abs)        000F9E
_RCONbits                (abs)        000FD0
_RCREG1                  (abs)        000FAE
_RCSTA1bits              (abs)        000FAB
_RCSTAbits               (abs)        000FAB
_SPBRG1                  (abs)        000FAF
_SPBRGH1                 (abs)        000FB0
_TRISAbits               (abs)        000F92
_TRISBbits               (abs)        000F93
_TRISCbits               (abs)        000F94
_TXREG1                  (abs)        000FAD
_TXSTA1bits              (abs)        000FAC
__HRAM                   (abs)        000000
__H__absolute__          __absolute__ 000000
__H_firma_text           _firma_text  001008
__Habs1                  abs1         000000
__Hbank0                 bank0        000000
__Hbank1                 bank1        000000
__Hbank2                 bank2        000000
__Hbank3                 bank3        000000
__Hbank4                 bank4        000000
__Hbank5                 bank5        000000
__Hbank6                 bank6        000000
__Hbank7                 bank7        000000
__Hbigbss                bigbss       000000
__Hbigdata               bigdata      000000
__Hbigram                bigram       000000
__Hbigsfr                bigsfr       000000
__Hbss                   bss          000000
__HbssBANK0              bssBANK0     000000
__HbssCOMRAM             bssCOMRAM    000000
__Hcinit                 cinit        000000
__Hclrtext               clrtext      000000
__Hcomram                comram       000000
__Hconfig                config       30000E
__Hconst                 const        000000
__HcstackBANK0           cstackBANK0  000000
__HcstackCOMRAM          cstackCOMRAM 000000
__Hdata                  data         000000
__Heeprom_data           eeprom_data  000000
__Hfarbss                farbss       000000
__Hfardata               fardata      000000
__Hheap                  heap         000000
__Hibigdata              ibigdata     000000
__Hidata                 idata        000000
__Hidloc                 idloc        200008
__Hifardata              ifardata     000000
__Hinit                  init         00008C
__Hintcode               intcode      000004
__Hintcode_body          intcode_body 000000
__Hintcodelo             intcodelo    000088
__Hintentry              intentry     000000
__Hintret                intret       000000
__Hintsave_regs          intsave_regs 000000
__Hirdata                irdata       000000
__Hmediumconst           mediumconst  000000
__HnvFARRAM              nvFARRAM     000000
__Hnvbit                 nvbit        000000
__Hnvrram                nvrram       000000
__Hparam                 rparam       000000
__Hpowerup               powerup      000088
__Hram                   ram          000000
__Hramtop                ramtop       000800
__Hrbit                  rbit         000000
__Hrbss                  rbss         000000
__Hrdata                 rdata        000000
__Hreset_vec             reset_vec    000004
__Hrparam                rparam       000000
__Hsfr                   sfr          000000
__Hsivt_hi               sivt_hi      000000
__Hsivt_lo               sivt_lo      000000
__Hsmallconst            smallconst   000838
__Hspace_0               (abs)        001886
__Hspace_1               (abs)        000090
__Hspace_2               (abs)        000000
__Hspace_4               (abs)        60000E
__Hstack                 stack        000000
__Hstruct                struct       000000
__Htemp                  temp         00004B
__Htext                  text         000000
__Htext0                 text0        000000
__Htext1                 text1        000000
__Htext10                text10       000000
__Htext11                text11       000000
__Htext12                text12       000000
__Htext2                 text2        000000
__Htext3                 text3        000000
__Htext4                 text4        000000
__Htext5                 text5        000000
__Htext6                 text6        000000
__Htext7                 text7        000000
__Htext8                 text8        000000
__Htext9                 text9        000000
__LRAM                   (abs)        000001
__L__absolute__          __absolute__ 000000
__L_firma_text           _firma_text  001006
__Labs1                  abs1         000000
__Lbank0                 bank0        000000
__Lbank1                 bank1        000000
__Lbank2                 bank2        000000
__Lbank3                 bank3        000000
__Lbank4                 bank4        000000
__Lbank5                 bank5        000000
__Lbank6                 bank6        000000
__Lbank7                 bank7        000000
__Lbigbss                bigbss       000000
__Lbigdata               bigdata      000000
__Lbigram                bigram       000000
__Lbigsfr                bigsfr       000000
__Lbss                   bss          000000
__LbssBANK0              bssBANK0     000000
__LbssCOMRAM             bssCOMRAM    000000
__Lcinit                 cinit        000000
__Lclrtext               clrtext      000000
__Lcomram                comram       000000
__Lconfig                config       000000
__Lconst                 const        000000
__LcstackBANK0           cstackBANK0  000000
__LcstackCOMRAM          cstackCOMRAM 000000
__Ldata                  data         000000
__Leeprom_data           eeprom_data  000000
__Lfarbss                farbss       000000
__Lfardata               fardata      000000
__Lheap                  heap         000000
__Libigdata              ibigdata     000000
__Lidata                 idata        000000
__Lidloc                 idloc        000000
__Lifardata              ifardata     000000
__Linit                  init         000088
__Lintcode               intcode      000004
__Lintcode_body          intcode_body 000000
__Lintcodelo             intcodelo    000018
__Lintentry              intentry     000000
__Lintret                intret       000000
__Lintsave_regs          intsave_regs 000000
__Lirdata                irdata       000000
__Lmediumconst           mediumconst  000000
__LnvFARRAM              nvFARRAM     000000
__Lnvbit                 nvbit        000000
__Lnvrram                nvrram       000000
__Lparam                 rparam       000000
__Lpowerup               powerup      000088
__Lram                   ram          000000
__Lramtop                ramtop       000800
__Lrbit                  rbit         000000
__Lrbss                  rbss         000000
__Lrdata                 rdata        000000
__Lreset_vec             reset_vec    000000
__Lrparam                rparam       000000
__Lsfr                   sfr          000000
__Lsivt_hi               sivt_hi      000000
__Lsivt_lo               sivt_lo      000000
__Lsmallconst            smallconst   000800
__Lspace_0               (abs)        000000
__Lspace_1               (abs)        000000
__Lspace_2               (abs)        000000
__Lspace_4               (abs)        000000
__Lstack                 stack        000000
__Lstruct                struct       000000
__Ltemp                  temp         00004A
__Ltext                  text         000000
__Ltext0                 text0        000000
__Ltext1                 text1        000000
__Ltext10                text10       000000
__Ltext11                text11       000000
__Ltext12                text12       000000
__Ltext2                 text2        000000
__Ltext3                 text3        000000
__Ltext4                 text4        000000
__Ltext5                 text5        000000
__Ltext6                 text6        000000
__Ltext7                 text7        000000
__Ltext8                 text8        000000
__Ltext9                 text9        000000
__S0                     (abs)        001886
__S1                     (abs)        000090
__S4                     (abs)        000000
__S5                     (abs)        000000
___awdiv                 text10       0014EC
___awdiv@counter         cstackCOMRAM 00000B
___awdiv@dividend        cstackCOMRAM 000007
___awdiv@divisor         cstackCOMRAM 000009
___awdiv@quotient        cstackCOMRAM 00000D
___awdiv@sign            cstackCOMRAM 00000C
___awmod                 text9        0015B0
___awmod@counter         cstackCOMRAM 000013
___awmod@dividend        cstackCOMRAM 00000F
___awmod@divisor         cstackCOMRAM 000011
___awmod@sign            cstackCOMRAM 000014
___heap_hi               (abs)        000000
___heap_lo               (abs)        000000
___inthi_sp              stack        000000
___inthi_stack_hi        stack        000000
___inthi_stack_lo        stack        000000
___intlo_sp              stack        000000
___intlo_stack_hi        stack        000000
___intlo_stack_lo        stack        000000
___param_bank            (abs)        000000
___rparam_used           (abs)        000001
___sp                    stack        000000
___stack_hi              stack        000000
___stack_lo              stack        000000
___wmul                  text12       00185E
___wmul@multiplicand     cstackCOMRAM 000009
___wmul@multiplier       cstackCOMRAM 000007
___wmul@product          cstackCOMRAM 00000B
__accesstop              (abs)        000060
__activetblptr           (abs)        000002
__end_of___awdiv         text10       0015B0
__end_of___awmod         text9        001660
__end_of___wmul          text12       001884
__end_of__initialization cinit        001850
__end_of_abs             text8        001838
__end_of_config          text11       001750
__end_of_firma           _firma_text  001008
__end_of_fputc           text6        00170A
__end_of_lint            intcodelo    000088
__end_of_main            text0        00122C
__end_of_putch           text7        001886
__end_of_sprintf         text3        001804
__end_of_tx_232          text2        0014EC
__end_of_tx_232e         text1        001792
__end_of_vfpfcnvrt       text5        0013E4
__end_of_vfprintf        text4        0017D0
__initialization         cinit        001838
__mediumconst            mediumconst  000000
__p_firma_text           _firma_text  001006
__pbssBANK0              bssBANK0     000060
__pbssCOMRAM             bssCOMRAM    00003A
__pcinit                 cinit        001838
__pcstackBANK0           cstackBANK0  000080
__pcstackCOMRAM          cstackCOMRAM 000001
__pintcodelo             intcodelo    000018
__psmallconst            smallconst   000800
__ptext0                 text0        001008
__ptext1                 text1        001750
__ptext10                text10       0014EC
__ptext11                text11       00170A
__ptext12                text12       00185E
__ptext2                 text2        0013E4
__ptext3                 text3        0017D0
__ptext4                 text4        001792
__ptext5                 text5        00122C
__ptext6                 text6        001660
__ptext7                 text7        001884
__ptext8                 text8        001804
__ptext9                 text9        0015B0
__ramtop                 ramtop       000800
__smallconst             smallconst   000800
_abs                     text8        001804
_cente                   bssCOMRAM    000042
_config                  text11       00170A
_contador                bssCOMRAM    000049
_dbuf                    bssBANK0     000060
_dece                    bssCOMRAM    000044
_firma                   _firma_text  001006
_firma_absaddr           (abs)        001006
_flags                   bssCOMRAM    000048
_fputc                   text6        001660
_lint                    intcodelo    000018
_main                    text0        001008
_numeros                 bssCOMRAM    00003A
_prec                    bssCOMRAM    000040
_putch                   text7        001884
_sprintf                 text3        0017D0
_tx_232                  text2        0013E4
_tx_232e                 text1        001750
_unid                    bssCOMRAM    000046
_vfpfcnvrt               text5        00122C
_vfprintf                text4        001792
_width                   bssCOMRAM    00003E
abs@a                    cstackCOMRAM 000015
btemp                    temp         00004A
end_of_initialization    cinit        001850
fputc@c                  cstackCOMRAM 000007
fputc@fp                 cstackCOMRAM 000009
int$flags                temp         00004A
intlevel0                text         000000
intlevel1                text         000000
intlevel2                text         000000
intlevel3                text         000000
isa$std                  (abs)        000001
isa$xinst                (abs)        000000
lint@valor_recibido      cstackCOMRAM 000006
main@centesal            cstackBANK0  000082
main@decesal             cstackBANK0  000084
main@i                   cstackBANK0  00008E
main@k                   cstackBANK0  00008C
main@numero1             cstackBANK0  000086
main@numero2             cstackBANK0  000088
main@suma                cstackBANK0  00008A
main@unidsal             cstackBANK0  000080
sprintf@ap               cstackCOMRAM 00002C
sprintf@f                cstackCOMRAM 00002D
sprintf@fmt              cstackCOMRAM 000029
sprintf@s                cstackCOMRAM 000028
stackhi                  (abs)        000000
stacklo                  (abs)        000000
start                    init         000088
start_initialization     cinit        001838
ttemp5                   temp         00004B
ttemp6                   temp         00004E
ttemp7                   temp         000052
tx_232@mens              cstackCOMRAM 000007
tx_232@n                 cstackCOMRAM 00000B
tx_232@numero1           cstackCOMRAM 000008
tx_232@numero2           cstackCOMRAM 000009
tx_232@numero3           cstackCOMRAM 00000A
tx_232e@mens             cstackCOMRAM 000007
vfpfcnvrt@ap             cstackCOMRAM 00001B
vfpfcnvrt@c              cstackCOMRAM 000023
vfpfcnvrt@convarg        cstackCOMRAM 00001F
vfpfcnvrt@cp             cstackCOMRAM 00001E
vfpfcnvrt@done           cstackCOMRAM 00001D
vfpfcnvrt@fmt            cstackCOMRAM 00001A
vfpfcnvrt@fp             cstackCOMRAM 000019
vfprintf@ap              cstackCOMRAM 000026
vfprintf@cfmt            cstackCOMRAM 000027
vfprintf@fmt             cstackCOMRAM 000025
vfprintf@fp              cstackCOMRAM 000024
wtemp8                   temp         00004B


MODULE INFORMATION

Module		Function		Class		Link	Load	Size
C:\Program Files\Microchip\xc8\v2.46\pic\sources\c99\common\nf_fputc.c
		_fputc         		CODE           	1660	0000	170

C:\Program Files\Microchip\xc8\v2.46\pic\sources\c99\common\nf_fputc.c estimated size: 170

C:\Program Files\Microchip\xc8\v2.46\pic\sources\c99\common\awdiv.c
		___awdiv       		CODE           	14EC	0000	196

C:\Program Files\Microchip\xc8\v2.46\pic\sources\c99\common\awdiv.c estimated size: 196

config.c
		_config        		CODE           	170A	0000	70

config.c estimated size: 70

C:\Program Files\Microchip\xc8\v2.46\pic\sources\c99\common\doprnt.c
		_vfpfcnvrt     		CODE           	122C	0000	440
		_vfprintf      		CODE           	1792	0000	62

C:\Program Files\Microchip\xc8\v2.46\pic\sources\c99\common\doprnt.c estimated size: 502

C:\Program Files\Microchip\xc8\v2.46\pic\sources\c99\common\nf_sprintf.c
		_sprintf       		CODE           	17D0	0000	52

C:\Program Files\Microchip\xc8\v2.46\pic\sources\c99\common\nf_sprintf.c estimated size: 52

shared
		_firma         		CODE           	1006	0000	2
		__initialization		CODE           	1838	0000	24

shared estimated size: 26

C:\Program Files\Microchip\xc8\v2.46\pic\sources\c99\common\putch.c
		_putch         		CODE           	1884	0000	2

C:\Program Files\Microchip\xc8\v2.46\pic\sources\c99\common\putch.c estimated size: 2

C:\Program Files\Microchip\xc8\v2.46\pic\sources\c99\common\Umul16.c
		___wmul        		CODE           	185E	0000	38

C:\Program Files\Microchip\xc8\v2.46\pic\sources\c99\common\Umul16.c estimated size: 38

C:\Program Files\Microchip\xc8\v2.46\pic\sources\c99\common\abs.c
		_abs           		CODE           	1804	0000	52

C:\Program Files\Microchip\xc8\v2.46\pic\sources\c99\common\abs.c estimated size: 52

C:\Program Files\Microchip\xc8\v2.46\pic\sources\c99\common\awmod.c
		___awmod       		CODE           	15B0	0000	176

C:\Program Files\Microchip\xc8\v2.46\pic\sources\c99\common\awmod.c estimated size: 176

main.c
		_lint          		CODE           	0018	0000	112
		_tx_232        		CODE           	13E4	0000	264
		_main          		CODE           	1008	0000	548
		_tx_232e       		CODE           	1750	0000	66

main.c estimated size: 990

