MPLINK 5.09, LINKER
Linker Map File - Created Sun Nov 26 20:37:08 2023

                                 Section Info
                  Section       Type    Address   Location Size(Bytes)
                ---------  ---------  ---------  ---------  ---------
                 RES_VECT       code   0x000000    program   0x000004
                   .cinit    romdata   0x000004    program   0x000002
                MAIN_PROG       code   0x000006    program   0x0000ac
               .udata_acs      udata   0x000000       data   0x000002



                              Program Memory Usage 
                               Start         End      
                           ---------   ---------      
                            0x000000    0x0000b1      
            178 out of 33048 program addresses used, program memory utilization is 0%



                              Symbols - Sorted by Name
                     Name    Address   Location    Storage File                     
                ---------  ---------  ---------  --------- ---------                
                  AUMENTO   0x000078    program     static C:\Users\migue\MPLABXProjects\Practica_3_Miguel_Petruzzella.X\Principal3.asm
          AUMENTO_INICIAL   0x000032    program     static C:\Users\migue\MPLABXProjects\Practica_3_Miguel_Petruzzella.X\Principal3.asm
               BAJADA_LOW   0x00006a    program     static C:\Users\migue\MPLABXProjects\Practica_3_Miguel_Petruzzella.X\Principal3.asm
               BAJADA_SET   0x000058    program     static C:\Users\migue\MPLABXProjects\Practica_3_Miguel_Petruzzella.X\Principal3.asm
               DECREMENTO   0x000084    program     static C:\Users\migue\MPLABXProjects\Practica_3_Miguel_Petruzzella.X\Principal3.asm
                  INICIAL   0x000026    program     static C:\Users\migue\MPLABXProjects\Practica_3_Miguel_Petruzzella.X\Principal3.asm
                  RETARDO   0x000090    program     static C:\Users\migue\MPLABXProjects\Practica_3_Miguel_Petruzzella.X\Principal3.asm
                RETARDO_2   0x0000a8    program     static C:\Users\migue\MPLABXProjects\Practica_3_Miguel_Petruzzella.X\Principal3.asm
                    START   0x000006    program     static C:\Users\migue\MPLABXProjects\Practica_3_Miguel_Petruzzella.X\Principal3.asm
               SUBIDA_LOW   0x00004a    program     static C:\Users\migue\MPLABXProjects\Practica_3_Miguel_Petruzzella.X\Principal3.asm
               SUBIDA_SET   0x00003c    program     static C:\Users\migue\MPLABXProjects\Practica_3_Miguel_Petruzzella.X\Principal3.asm
          _MAIN_PROG_00A8   0x0000ae    program     static C:\Users\migue\MPLABXProjects\Practica_3_Miguel_Petruzzella.X\Principal3.asm
                 RETARDO1   0x000000       data     static C:\Users\migue\MPLABXProjects\Practica_3_Miguel_Petruzzella.X\Principal3.asm
                 RETARDO2   0x000001       data     static C:\Users\migue\MPLABXProjects\Practica_3_Miguel_Petruzzella.X\Principal3.asm



                              Symbols - Sorted by Address
                     Name    Address   Location    Storage File                     
                ---------  ---------  ---------  --------- ---------                
                    START   0x000006    program     static C:\Users\migue\MPLABXProjects\Practica_3_Miguel_Petruzzella.X\Principal3.asm
                  INICIAL   0x000026    program     static C:\Users\migue\MPLABXProjects\Practica_3_Miguel_Petruzzella.X\Principal3.asm
          AUMENTO_INICIAL   0x000032    program     static C:\Users\migue\MPLABXProjects\Practica_3_Miguel_Petruzzella.X\Principal3.asm
               SUBIDA_SET   0x00003c    program     static C:\Users\migue\MPLABXProjects\Practica_3_Miguel_Petruzzella.X\Principal3.asm
               SUBIDA_LOW   0x00004a    program     static C:\Users\migue\MPLABXProjects\Practica_3_Miguel_Petruzzella.X\Principal3.asm
               BAJADA_SET   0x000058    program     static C:\Users\migue\MPLABXProjects\Practica_3_Miguel_Petruzzella.X\Principal3.asm
               BAJADA_LOW   0x00006a    program     static C:\Users\migue\MPLABXProjects\Practica_3_Miguel_Petruzzella.X\Principal3.asm
                  AUMENTO   0x000078    program     static C:\Users\migue\MPLABXProjects\Practica_3_Miguel_Petruzzella.X\Principal3.asm
               DECREMENTO   0x000084    program     static C:\Users\migue\MPLABXProjects\Practica_3_Miguel_Petruzzella.X\Principal3.asm
                  RETARDO   0x000090    program     static C:\Users\migue\MPLABXProjects\Practica_3_Miguel_Petruzzella.X\Principal3.asm
                RETARDO_2   0x0000a8    program     static C:\Users\migue\MPLABXProjects\Practica_3_Miguel_Petruzzella.X\Principal3.asm
          _MAIN_PROG_00A8   0x0000ae    program     static C:\Users\migue\MPLABXProjects\Practica_3_Miguel_Petruzzella.X\Principal3.asm
                 RETARDO1   0x000000       data     static C:\Users\migue\MPLABXProjects\Practica_3_Miguel_Petruzzella.X\Principal3.asm
                 RETARDO2   0x000001       data     static C:\Users\migue\MPLABXProjects\Practica_3_Miguel_Petruzzella.X\Principal3.asm


