Microchip MPLAB XC8 Compiler V2.46

Linker command line:

-W-3 \
  --edf=C:\Program Files\Microchip\xc8\v2.46\pic\dat\20240104201356_en.msgs \
  -cn -h+dist/default/production\Proyecto_fInal_mig.X.production.sym \
  --cmf=dist/default/production\Proyecto_fInal_mig.X.production.cmf -z \
  -Q18F45K50 -oC:\Users\migue\AppData\Local\Temp\xcAs7j0.\driver_tmp_3.o \
  --defsym=__MPLAB_BUILD=1 --fixupoverflow=error \
  -Mdist/default/production/Proyecto_fInal_mig.X.production.map \
  --md=C:\Users\migue\AppData\Local\Temp\xcAs7j0.\driver_tmp_0.dat -E1 \
  -ver=XC8 Compiler --acfsm=1493 -p_firma_text=1006h -ACODE=01000h-07FFFh \
  -ACONST=01000h-07FFFh -ASMALLCONST=01000h-010FFhx112 \
  -AMEDIUMCONST=01000h-07FFFh -ACOMRAM=01h-05Fh -AABS1=00h-07FFh \
  -ABIGRAM=01h-07FFh -ARAM=060h-0FFh,0100h-01FFhx7 -ABANK0=060h-0FFh \
  -ABANK1=0100h-01FFh -ABANK2=0200h-02FFh -ABANK3=0300h-03FFh \
  -ABANK4=0400h-04FFh -ABANK5=0500h-05FFh -ABANK6=0600h-06FFh \
  -ABANK7=0700h-07FFh -ASFR=0F53h-0F5Fh,0F60h-0FFFh -ABIGSFR=0F53h-0FFFh \
  -ACONFIG=0300000h-030000Dh -AIDLOC=0200000h-0200007h \
  -AEEDATA=0F00000h-0F000FFh -peeprom_data=EEDATA \
  -preset_vec=01000h,intcode=1008h,intcodelo=1018h,powerup,init \
  -pramtop=0800h -psmallconst=SMALLCONST -pmediumconst=MEDIUMCONST \
  -pconst=CONST -AFARRAM=00h-00h \
  -prdata=COMRAM,nvrram=COMRAM,nvbit=COMRAM,rbss=COMRAM,rbit=COMRAM \
  -pfarbss=FARRAM,fardata=FARRAM,nvFARRAM=FARRAM \
  -pintsave_regs=BIGRAM,bigbss=BIGRAM,bigdata=BIGRAM -pbss=RAM \
  -pidata=CODE,irdata=CODE,ibigdata=CODE,ifardata=CODE -prparam=COMRAM \
  C:\Users\migue\AppData\Local\Temp\xcAs7j0.\driver_tmp_9.o \
  dist/default/production\Proyecto_fInal_mig.X.production.o 

Object code version is 3.11

Machine type is 18F45K50



                Name                               Link     Load   Length Selector   Space Scale
C:\Users\migue\AppData\Local\Temp\xcAs7j0.\driver_tmp_9.o
                init                               10D2     10D2        4      80C       0
                reset_vec                          1000     1000        4      800       0
dist/default/production\Proyecto_fInal_mig.X.production.o
                intcodelo                          1018     1018       BA      80C       0
                intcode                            1008     1008        6      804       0
                temp                                 41       41        1        1       1
                mediumconst                        10D6     10D6      126      86B       0
                text18                             16E2     16E2       82      8FE       0
                text17                             1764     1764       7C      8FE       0
                intcode_body                       1640     1640       A2      8FE       0
                text14                             1A3C     1A3C       3C      8FE       0
                text13                             19BC     19BC       44      8FE       0
                text12                             1A78     1A78       2C      8FE       0
                text11                             11FC     11FC      150      8FE       0
                text10                             18CC     18CC       5E      8FE       0
                text9                              1AA4     1AA4       20      8FE       0
                text8                              17E0     17E0       7A      8FE       0
                text7                              1A00     1A00       3C      8FE       0
                text6                              1974     1974       48      8FE       0
                text5                              1ADE     1ADE       14      8FE       0
                text4                              134C     134C      13C      8FE       0
                text3                              1488     1488      106      8FE       0
                text2                              158E     158E       B2      8FE       0
                text1                              185A     185A       72      8FE       0
                text0                              192A     192A       4A      8FE       0
                cstackCOMRAM                         26       26       1B        1       1
                bssCOMRAM                             1        1       25        1       1
                cinit                              1AC4     1AC4       1A      8FE       0
                _firma_text                        1006     1006        2      803       0

TOTAL           Name                               Link     Load   Length     Space
        CLASS   CODE           
                intcodelo                          1018     1018       BA         0
                intcode                            1008     1008        6         0
                init                               10D2     10D2        4         0
                reset_vec                          1000     1000        4         0
                text18                             16E2     16E2       82         0
                text17                             1764     1764       7C         0
                intcode_body                       1640     1640       A2         0
                text14                             1A3C     1A3C       3C         0
                text13                             19BC     19BC       44         0
                text12                             1A78     1A78       2C         0
                text11                             11FC     11FC      150         0
                text10                             18CC     18CC       5E         0
                text9                              1AA4     1AA4       20         0
                text8                              17E0     17E0       7A         0
                text7                              1A00     1A00       3C         0
                text6                              1974     1974       48         0
                text5                              1ADE     1ADE       14         0
                text4                              134C     134C      13C         0
                text3                              1488     1488      106         0
                text2                              158E     158E       B2         0
                text1                              185A     185A       72         0
                text0                              192A     192A       4A         0
                cinit                              1AC4     1AC4       1A         0
                _firma_text                        1006     1006        2         0

        CLASS   CONST          

        CLASS   SMALLCONST     

        CLASS   MEDIUMCONST    
                mediumconst                        10D6     10D6      126         0

        CLASS   COMRAM         
                temp                                 41       41        1         1
                cstackCOMRAM                         26       26       1B         1
                bssCOMRAM                             1        1       25         1

        CLASS   ABS1           

        CLASS   BIGRAM         

        CLASS   RAM            

        CLASS   BANK0          

        CLASS   BANK1          

        CLASS   BANK2          

        CLASS   BANK3          

        CLASS   BANK4          

        CLASS   BANK5          

        CLASS   BANK6          

        CLASS   BANK7          

        CLASS   SFR            

        CLASS   BIGSFR         

        CLASS   CONFIG         

        CLASS   IDLOC          

        CLASS   EEDATA         

        CLASS   FARRAM         

        CLASS   HEAP           

        CLASS   STACK          



SEGMENTS        Name                           Load    Length   Top    Selector   Space  Class

                bssCOMRAM                      000001  000041  000042         1       1  COMRAM  
                reset_vec                      001000  000004  001004       800       0  CODE    
                _firma_text                    001006  000002  001008       803       0  CODE    
                intcode                        001008  000006  00100E       804       0  CODE    
                intcodelo                      001018  0000BE  0010D6       80C       0  CODE    
                mediumconst                    0010D6  000126  0011FC       86B       0  MEDIUMCO
                text11                         0011FC  0008F6  001AF2       8FE       0  CODE    


UNUSED ADDRESS RANGES

        Name                Unused          Largest block    Delta
        BANK0            0060-00FF             A0
        BANK1            0100-01FF            100
        BANK2            0200-02FF            100
        BANK3            0300-03FF            100
        BANK4            0400-04FF            100
        BANK5            0500-05FF            100
        BANK6            0600-06FF            100
        BANK7            0700-07FF            100
        BIGRAM           0042-07FF            7BE
        BIGSFR           0F53-0FFF             AD
        CODE             1004-1005              2
                         100E-1017              A
                         1AF2-7FFF           650E
        COMRAM           0042-005F             1E
        CONFIG           300000-30000D              E
        CONST            1004-1005              2
                         100E-1017              A
                         1AF2-7FFF           650E
        EEDATA           F00000-F000FF            100
        FARRAM           0000-0000              1
        IDLOC            200000-200007              8
        MEDIUMCONST      1004-1005              2
                         100E-1017              A
                         1AF2-7FFF           650E
        RAM              0060-07FF            100
        SFR              0F53-0FFF              D
        SMALLCONST       1004-1005              2
                         100E-1017              A
                         1AF2-7FFF            100

                                  Symbol Table

_ANSELA                         (abs)        0F5B
_ANSELB                         (abs)        0F5C
_ANSELC                         (abs)        0F5D
_ANSELD                         (abs)        0F5E
_ANSELE                         (abs)        0F5F
_BAUDCON1                       (abs)        0FB8
_EEADR                          (abs)        0FA9
_EECON1bits                     (abs)        0FA6
_EECON2                         (abs)        0FA7
_EEDATA                         (abs)        0FA8
_INTCON                         (abs)        0FF2
_INTCON2bits                    (abs)        0FF1
_INTCON3bits                    (abs)        0FF0
_INTCONbits                     (abs)        0FF2
_IPR1bits                       (abs)        0F9F
_LATA                           (abs)        0F89
_LATCbits                       (abs)        0F8B
_LATEbits                       (abs)        0F8D
_OSCCON                         (abs)        0FD3
_OSCCON2                        (abs)        0FD2
_OSCTUNE                        (abs)        0F9B
_PIE1bits                       (abs)        0F9D
_PIR1bits                       (abs)        0F9E
_PORTBbits                      (abs)        0F81
_RCONbits                       (abs)        0FD0
_RCREG1                         (abs)        0FAE
_RCSTA1bits                     (abs)        0FAB
_RCSTAbits                      (abs)        0FAB
_SPBRG1                         (abs)        0FAF
_SPBRGH1                        (abs)        0FB0
_T0CONbits                      (abs)        0FD5
_TMR0H                          (abs)        0FD7
_TMR0L                          (abs)        0FD6
_TRISA                          (abs)        0F92
_TRISB                          (abs)        0F93
_TRISBbits                      (abs)        0F93
_TRISC                          (abs)        0F94
_TRISD                          (abs)        0F95
_TRISE                          (abs)        0F96
_TXREG1                         (abs)        0FAD
_TXSTA1bits                     (abs)        0FAC
__HRAM                          (abs)        0000
__H__absolute__                 __absolute__ 0000
__H_firma_text                  _firma_text  1008
__Habs1                         abs1         0000
__Hbank0                        bank0        0000
__Hbank1                        bank1        0000
__Hbank2                        bank2        0000
__Hbank3                        bank3        0000
__Hbank4                        bank4        0000
__Hbank5                        bank5        0000
__Hbank6                        bank6        0000
__Hbank7                        bank7        0000
__Hbigbss                       bigbss       0000
__Hbigdata                      bigdata      0000
__Hbigram                       bigram       0000
__Hbigsfr                       bigsfr       0000
__Hbss                          bss          0000
__HbssCOMRAM                    bssCOMRAM    0000
__Hcinit                        cinit        0000
__Hclrtext                      clrtext      0000
__Hcomram                       comram       0000
__Hconfig                       config       0000
__Hconst                        const        0000
__HcstackCOMRAM                 cstackCOMRAM 0000
__Hdata                         data         0000
__Heeprom_data                  eeprom_data  0000
__Hfarbss                       farbss       0000
__Hfardata                      fardata      0000
__Hheap                         heap         0000
__Hibigdata                     ibigdata     0000
__Hidata                        idata        0000
__Hidloc                        idloc        0000
__Hifardata                     ifardata     0000
__Hinit                         init         10D6
__Hintcode                      intcode      100E
__Hintcode_body                 intcode_body 0000
__Hintcodelo                    intcodelo    10D2
__Hintentry                     intentry     0000
__Hintret                       intret       0000
__Hintsave_regs                 intsave_regs 0000
__Hirdata                       irdata       0000
__Hmediumconst                  mediumconst  11FC
__HnvFARRAM                     nvFARRAM     0000
__Hnvbit                        nvbit        0000
__Hnvrram                       nvrram       0000
__Hparam                        rparam       0000
__Hpowerup                      powerup      10D2
__Hram                          ram          0000
__Hramtop                       ramtop       0800
__Hrbit                         rbit         0000
__Hrbss                         rbss         0000
__Hrdata                        rdata        0000
__Hreset_vec                    reset_vec    1004
__Hrparam                       rparam       0000
__Hsfr                          sfr          0000
__Hsivt_hi                      sivt_hi      0000
__Hsivt_lo                      sivt_lo      0000
__Hsmallconst                   smallconst   0000
__Hspace_0                      (abs)        1AF2
__Hspace_1                      (abs)        0042
__Hspace_2                      (abs)        0000
__Hspace_4                      (abs)        0000
__Hstack                        stack        0000
__Hstruct                       struct       0000
__Htemp                         temp         0042
__Htext                         text         0000
__Htext0                        text0        0000
__Htext1                        text1        0000
__Htext10                       text10       0000
__Htext11                       text11       0000
__Htext12                       text12       0000
__Htext13                       text13       0000
__Htext14                       text14       0000
__Htext17                       text17       0000
__Htext18                       text18       0000
__Htext2                        text2        0000
__Htext3                        text3        0000
__Htext4                        text4        0000
__Htext5                        text5        0000
__Htext6                        text6        0000
__Htext7                        text7        0000
__Htext8                        text8        0000
__Htext9                        text9        0000
__LRAM                          (abs)        0001
__L__absolute__                 __absolute__ 0000
__L_firma_text                  _firma_text  1006
__Labs1                         abs1         0000
__Lbank0                        bank0        0000
__Lbank1                        bank1        0000
__Lbank2                        bank2        0000
__Lbank3                        bank3        0000
__Lbank4                        bank4        0000
__Lbank5                        bank5        0000
__Lbank6                        bank6        0000
__Lbank7                        bank7        0000
__Lbigbss                       bigbss       0000
__Lbigdata                      bigdata      0000
__Lbigram                       bigram       0000
__Lbigsfr                       bigsfr       0000
__Lbss                          bss          0000
__LbssCOMRAM                    bssCOMRAM    0000
__Lcinit                        cinit        0000
__Lclrtext                      clrtext      0000
__Lcomram                       comram       0000
__Lconfig                       config       0000
__Lconst                        const        0000
__LcstackCOMRAM                 cstackCOMRAM 0000
__Ldata                         data         0000
__Leeprom_data                  eeprom_data  0000
__Lfarbss                       farbss       0000
__Lfardata                      fardata      0000
__Lheap                         heap         0000
__Libigdata                     ibigdata     0000
__Lidata                        idata        0000
__Lidloc                        idloc        0000
__Lifardata                     ifardata     0000
__Linit                         init         10D2
__Lintcode                      intcode      1008
__Lintcode_body                 intcode_body 0000
__Lintcodelo                    intcodelo    1018
__Lintentry                     intentry     0000
__Lintret                       intret       0000
__Lintsave_regs                 intsave_regs 0000
__Lirdata                       irdata       0000
__Lmediumconst                  mediumconst  10D6
__LnvFARRAM                     nvFARRAM     0000
__Lnvbit                        nvbit        0000
__Lnvrram                       nvrram       0000
__Lparam                        rparam       0000
__Lpowerup                      powerup      10D2
__Lram                          ram          0000
__Lramtop                       ramtop       0800
__Lrbit                         rbit         0000
__Lrbss                         rbss         0000
__Lrdata                        rdata        0000
__Lreset_vec                    reset_vec    1000
__Lrparam                       rparam       0000
__Lsfr                          sfr          0000
__Lsivt_hi                      sivt_hi      0000
__Lsivt_lo                      sivt_lo      0000
__Lsmallconst                   smallconst   0000
__Lspace_0                      (abs)        0000
__Lspace_1                      (abs)        0000
__Lspace_2                      (abs)        0000
__Lspace_4                      (abs)        0000
__Lstack                        stack        0000
__Lstruct                       struct       0000
__Ltemp                         temp         0041
__Ltext                         text         0000
__Ltext0                        text0        0000
__Ltext1                        text1        0000
__Ltext10                       text10       0000
__Ltext11                       text11       0000
__Ltext12                       text12       0000
__Ltext13                       text13       0000
__Ltext14                       text14       0000
__Ltext17                       text17       0000
__Ltext18                       text18       0000
__Ltext2                        text2        0000
__Ltext3                        text3        0000
__Ltext4                        text4        0000
__Ltext5                        text5        0000
__Ltext6                        text6        0000
__Ltext7                        text7        0000
__Ltext8                        text8        0000
__Ltext9                        text9        0000
__S0                            (abs)        1AF2
__S1                            (abs)        0042
__S4                            (abs)        0000
__S5                            (abs)        0000
___heap_hi                      (abs)        0000
___heap_lo                      (abs)        0000
___inthi_sp                     stack        0000
___inthi_stack_hi               stack        0000
___inthi_stack_lo               stack        0000
___intlo_sp                     stack        0000
___intlo_stack_hi               stack        0000
___intlo_stack_lo               stack        0000
___param_bank                   (abs)        0000
___rparam_used                  (abs)        0001
___sp                           stack        0000
___stack_hi                     stack        0000
___stack_lo                     stack        0000
__accesstop                     (abs)        0060
__activetblptr                  (abs)        0002
__end_of__initialization        cinit        1AD0
__end_of_cargar_ini             text10       192A
__end_of_conf_wig               text9        1AC4
__end_of_config                 text8        185A
__end_of_dis_abierto            text7        1A3C
__end_of_dis_cerrado            text14       1A78
__end_of_firma                  _firma_text  1008
__end_of_hint                   intcode_body 16E2
__end_of_lectura_tarjeta        text2        1640
__end_of_lint                   intcodelo    10D2
__end_of_main                   text0        1974
__end_of_mens1                  mediumconst  10EF
__end_of_permutacion_de_estados text6        19BC
__end_of_reeprom                text5        1AF2
__end_of_segmentos              mediumconst  1100
__end_of_tx_232                 text13       1A00
__end_of_ver_par                text4        1488
__end_of_verificacion           text11       134C
__end_of_verificacion_ini       text1        18CC
__end_of_wcero                  text18       1764
__end_of_weeprom                text12       1AA4
__end_of_wiegand                text3        158E
__end_of_wuno                   text17       17E0
__initialization                cinit        1AC4
__mediumconst                   mediumconst  10D6
__p_firma_text                  _firma_text  1006
__pbssCOMRAM                    bssCOMRAM    0001
__pcinit                        cinit        1AC4
__pcstackCOMRAM                 cstackCOMRAM 0026
__pintcode                      intcode      1008
__pintcode_body                 intcode_body 1640
__pintcodelo                    intcodelo    1018
__pmediumconst                  mediumconst  10D6
__ptext0                        text0        192A
__ptext1                        text1        185A
__ptext10                       text10       18CC
__ptext11                       text11       11FC
__ptext12                       text12       1A78
__ptext13                       text13       19BC
__ptext14                       text14       1A3C
__ptext17                       text17       1764
__ptext18                       text18       16E2
__ptext2                        text2        158E
__ptext3                        text3        1488
__ptext4                        text4        134C
__ptext5                        text5        1ADE
__ptext6                        text6        1974
__ptext7                        text7        1A00
__ptext8                        text8        17E0
__ptext9                        text9        1AA4
__ramtop                        ramtop       0800
__smallconst                    smallconst   0000
_aux_de_carga_inicial           bssCOMRAM    000E
_b0                             bssCOMRAM    0023
_b1                             bssCOMRAM    0024
_b2                             bssCOMRAM    0025
_byte_de_verif                  bssCOMRAM    001D
_cargar_ini                     text10       18CC
_codigo_leido                   bssCOMRAM    0001
_conf_wig                       text9        1AA4
_config                         text8        17E0
_contador_de_lectura            bssCOMRAM    0012
_contadordecarga                bssCOMRAM    0010
_dis1                           bssCOMRAM    0021
_dis2                           bssCOMRAM    0020
_dis3                           bssCOMRAM    001F
_dis4                           bssCOMRAM    001E
_dis_abierto                    text7        1A00
_dis_cerrado                    text14       1A3C
_estado                         bssCOMRAM    0014
_firma                          _firma_text  1006
_firma_absaddr                  (abs)        1006
_hint                           intcode      1008
_lectura_tarjeta                text2        158E
_lint                           intcodelo    1018
_main                           text0        192A
_mens1                          mediumconst  10D7
_nbits                          bssCOMRAM    001B
_nbits0                         bssCOMRAM    001A
_nbits1                         bssCOMRAM    0019
_p_imp                          bssCOMRAM    0018
_p_par                          bssCOMRAM    0017
_permutacion_de_estados         text6        1974
_reeprom                        text5        1ADE
_rx_buf                         bssCOMRAM    0022
_segmentos                      mediumconst  10EF
_timeout                        bssCOMRAM    001C
_tx_232                         text13       19BC
_ver_par                        text4        134C
_verificacion                   text11       11FC
_verificacion_ini               text1        185A
_w_ceros                        bssCOMRAM    000A
_w_unos                         bssCOMRAM    000C
_wcero                          text18       16E2
_weeprom                        text12       1A78
_wiegand                        text3        1488
_wig_val                        bssCOMRAM    0006
_wuno                           text17       1764
btemp                           temp         0041
end_of_initialization           cinit        1AD0
int$flags                       temp         0041
int_func                        intcode_body 1640
intlevel0                       text         0000
intlevel1                       text         0000
intlevel2                       text         0000
intlevel3                       text         0000
isa$std                         (abs)        0001
isa$xinst                       (abs)        0000
lint@rota                       bssCOMRAM    0016
permutacion_de_estados@estados  cstackCOMRAM 002D
reeprom@dir                     cstackCOMRAM 002B
stackhi                         (abs)        0000
stacklo                         (abs)        0000
start                           init         10D2
start_initialization            cinit        1AC4
ttemp5                          temp         0042
ttemp6                          temp         0045
ttemp7                          temp         0049
tx_232@mens                     cstackCOMRAM 002B
ver_par@cont                    cstackCOMRAM 0035
ver_par@unos_1                  cstackCOMRAM 002F
ver_par@unos_2                  cstackCOMRAM 0030
ver_par@wig_val2                cstackCOMRAM 0031
weeprom@dato                    cstackCOMRAM 002B
weeprom@dir                     cstackCOMRAM 002C
wiegand@b0                      cstackCOMRAM 0038
wiegand@b1                      cstackCOMRAM 0037
wiegand@b2                      cstackCOMRAM 0036
wiegand@s                       cstackCOMRAM 003D
wtemp8                          temp         0042


MODULE INFORMATION

Module		Function		Class		Link	Load	Size
configfinal.c
		_config        		CODE           	17E0	0000	122

configfinal.c estimated size: 122

mainfinal.c
		_hint          		CODE           	1008	0000	168
		_dis_abierto   		CODE           	1A00	0000	60
		_lint          		CODE           	1018	0000	186
		_reeprom       		CODE           	1ADE	0000	20
		_cargar_ini    		CODE           	18CC	0000	94
		_tx_232        		CODE           	19BC	0000	68
		_lectura_tarjeta		CODE           	158E	0000	178
		_weeprom       		CODE           	1A78	0000	44
		_verificacion  		CODE           	11FC	0000	336
		_main          		CODE           	192A	0000	74
		_verificacion_ini		CODE           	185A	0000	114
		_permutacion_de_estados		CODE           	1974	0000	72
		_dis_cerrado   		CODE           	1A3C	0000	60

mainfinal.c estimated size: 1474

wiehandfinal.c
		_wiegand       		CODE           	1488	0000	262
		_wuno          		CODE           	1764	0000	124
		_conf_wig      		CODE           	1AA4	0000	32
		_ver_par       		CODE           	134C	0000	316
		_wcero         		CODE           	16E2	0000	130

wiehandfinal.c estimated size: 864

shared
		_segmentos     		MEDIUMCONST    	10EF	0000	17
		_firma         		CODE           	1006	0000	2
		_mens1         		MEDIUMCONST    	10D7	0000	24
		__initialization		CODE           	1AC4	0000	12

shared estimated size: 55

