Microchip MPLAB XC8 Compiler V2.46

Linker command line:

-W-3 \
  --edf=C:\Program Files\Microchip\xc8\v2.46\pic\dat\20240104201356_en.msgs \
  -cn -h+dist/default/production\Miguel_Practica5.X.production.sym \
  --cmf=dist/default/production\Miguel_Practica5.X.production.cmf -z \
  -Q18F45K50 -oC:\Users\migue\AppData\Local\Temp\xcAsfl8.\driver_tmp_3.o \
  --defsym=__MPLAB_BUILD=1 --fixupoverflow=error \
  -Mdist/default/production/Miguel_Practica5.X.production.map \
  --md=C:\Users\migue\AppData\Local\Temp\xcAsfl8.\driver_tmp_0.dat -E1 \
  -ver=XC8 Compiler --acfsm=1493 -p_firma_text=1006h -ACODE=01000h-07FFFh \
  -ACONST=01000h-07FFFh -ASMALLCONST=01000h-010FFhx112 \
  -AMEDIUMCONST=01000h-07FFFh -ACOMRAM=01h-05Fh -AABS1=00h-07FFh \
  -ABIGRAM=01h-07FFh -ARAM=060h-0FFh,0100h-01FFhx7 -ABANK0=060h-0FFh \
  -ABANK1=0100h-01FFh -ABANK2=0200h-02FFh -ABANK3=0300h-03FFh \
  -ABANK4=0400h-04FFh -ABANK5=0500h-05FFh -ABANK6=0600h-06FFh \
  -ABANK7=0700h-07FFh -ASFR=0F53h-0F5Fh,0F60h-0FFFh -ABIGSFR=0F53h-0FFFh \
  -ACONFIG=0300000h-030000Dh -AIDLOC=0200000h-0200007h \
  -AEEDATA=0F00000h-0F000FFh -peeprom_data=EEDATA \
  -preset_vec=01000h,intcode=1008h,intcodelo=1018h,powerup,init \
  -pramtop=0800h -psmallconst=SMALLCONST -pmediumconst=MEDIUMCONST \
  -pconst=CONST -AFARRAM=00h-00h \
  -prdata=COMRAM,nvrram=COMRAM,nvbit=COMRAM,rbss=COMRAM,rbit=COMRAM \
  -pfarbss=FARRAM,fardata=FARRAM,nvFARRAM=FARRAM \
  -pintsave_regs=BIGRAM,bigbss=BIGRAM,bigdata=BIGRAM -pbss=RAM \
  -pidata=CODE,irdata=CODE,ibigdata=CODE,ifardata=CODE -prparam=COMRAM \
  C:\Users\migue\AppData\Local\Temp\xcAsfl8.\driver_tmp_9.o \
  dist/default/production\Miguel_Practica5.X.production.o 

Object code version is 3.11

Machine type is 18F45K50



                Name                               Link     Load   Length Selector   Space Scale
C:\Users\migue\AppData\Local\Temp\xcAsfl8.\driver_tmp_9.o
                init                               1242     1242        4      80C       0
                reset_vec                          1000     1000        4      800       0
dist/default/production\Miguel_Practica5.X.production.o
                intcodelo                          1018     1018      22A      80C       0
                intcode                            1008     1008        6      804       0
                temp                                 34       34        1        1       1
                smallconst                         1246     1246       46      923       0
                text12                             1576     1576       82      946       0
                text11                             1676     1676       7C      946       0
                intcode_body                       16F2     16F2       78      946       0
                text9                              17B8     17B8       4C      946       0
                text7                              1830     1830       20      946       0
                text6                              15F8     15F8       7E      946       0
                text5                              186A     186A       14      946       0
                text4                              176A     176A       4E      946       0
                text3                              1804     1804       2C      946       0
                text2                              128C     128C      13C      946       0
                text1                              13C8     13C8      106      946       0
                text0                              14CE     14CE       A8      946       0
                cstackCOMRAM                          1        1       23        1       1
                bssCOMRAM                            24       24       10        1       1
                cinit                              1850     1850       1A      946       0
                _firma_text                        1006     1006        2      803       0

TOTAL           Name                               Link     Load   Length     Space
        CLASS   CODE           
                intcodelo                          1018     1018      22A         0
                intcode                            1008     1008        6         0
                init                               1242     1242        4         0
                reset_vec                          1000     1000        4         0
                text12                             1576     1576       82         0
                text11                             1676     1676       7C         0
                intcode_body                       16F2     16F2       78         0
                text9                              17B8     17B8       4C         0
                text7                              1830     1830       20         0
                text6                              15F8     15F8       7E         0
                text5                              186A     186A       14         0
                text4                              176A     176A       4E         0
                text3                              1804     1804       2C         0
                text2                              128C     128C      13C         0
                text1                              13C8     13C8      106         0
                text0                              14CE     14CE       A8         0
                cinit                              1850     1850       1A         0
                _firma_text                        1006     1006        2         0

        CLASS   CONST          

        CLASS   SMALLCONST     
                smallconst                         1246     1246       46         0

        CLASS   MEDIUMCONST    

        CLASS   COMRAM         
                temp                                 34       34        1         1
                cstackCOMRAM                          1        1       23         1
                bssCOMRAM                            24       24       10         1

        CLASS   ABS1           

        CLASS   BIGRAM         

        CLASS   RAM            

        CLASS   BANK0          

        CLASS   BANK1          

        CLASS   BANK2          

        CLASS   BANK3          

        CLASS   BANK4          

        CLASS   BANK5          

        CLASS   BANK6          

        CLASS   BANK7          

        CLASS   SFR            

        CLASS   BIGSFR         

        CLASS   CONFIG         

        CLASS   IDLOC          

        CLASS   EEDATA         

        CLASS   FARRAM         

        CLASS   HEAP           

        CLASS   STACK          



SEGMENTS        Name                           Load    Length   Top    Selector   Space  Class

                cstackCOMRAM                   000001  000034  000035         1       1  COMRAM  
                reset_vec                      001000  000004  001004       800       0  CODE    
                _firma_text                    001006  000002  001008       803       0  CODE    
                intcode                        001008  000006  00100E       804       0  CODE    
                intcodelo                      001018  00022E  001246       80C       0  CODE    
                smallconst                     001246  000046  00128C       923       0  SMALLCON
                text2                          00128C  0005F2  00187E       946       0  CODE    


UNUSED ADDRESS RANGES

        Name                Unused          Largest block    Delta
        BANK0            0060-00FF             A0
        BANK1            0100-01FF            100
        BANK2            0200-02FF            100
        BANK3            0300-03FF            100
        BANK4            0400-04FF            100
        BANK5            0500-05FF            100
        BANK6            0600-06FF            100
        BANK7            0700-07FF            100
        BIGRAM           0035-07FF            7CB
        BIGSFR           0F53-0FFF             AD
        CODE             1004-1005              2
                         100E-1017              A
                         187E-7FFF           6782
        COMRAM           0035-005F             2B
        CONFIG           300000-30000D              E
        CONST            1004-1005              2
                         100E-1017              A
                         187E-7FFF           6782
        EEDATA           F00000-F000FF            100
        FARRAM           0000-0000              1
        IDLOC            200000-200007              8
        MEDIUMCONST      1004-1005              2
                         100E-1017              A
                         187E-7FFF           6782
        RAM              0060-07FF            100
        SFR              0F53-0FFF              D
        SMALLCONST       1004-1005              2
                         100E-1017              A
                         187E-7FFF            100

                                  Symbol Table

_ANSELA                  (abs)        0F5B
_ANSELB                  (abs)        0F5C
_ANSELC                  (abs)        0F5D
_ANSELD                  (abs)        0F5E
_ANSELE                  (abs)        0F5F
_BAUDCON1                (abs)        0FB8
_EEADR                   (abs)        0FA9
_EECON1bits              (abs)        0FA6
_EECON2                  (abs)        0FA7
_EEDATA                  (abs)        0FA8
_INTCON                  (abs)        0FF2
_INTCON2bits             (abs)        0FF1
_INTCON3bits             (abs)        0FF0
_INTCONbits              (abs)        0FF2
_IPR1bits                (abs)        0F9F
_LATA                    (abs)        0F89
_LATCbits                (abs)        0F8B
_LATEbits                (abs)        0F8D
_OSCCON                  (abs)        0FD3
_OSCCON2                 (abs)        0FD2
_OSCTUNE                 (abs)        0F9B
_PIE1bits                (abs)        0F9D
_PIR1bits                (abs)        0F9E
_PORTDbits               (abs)        0F83
_RCONbits                (abs)        0FD0
_RCREG1                  (abs)        0FAE
_RCSTA1bits              (abs)        0FAB
_RCSTAbits               (abs)        0FAB
_SPBRG1                  (abs)        0FAF
_SPBRGH1                 (abs)        0FB0
_T0CONbits               (abs)        0FD5
_TMR0H                   (abs)        0FD7
_TMR0L                   (abs)        0FD6
_TRISA                   (abs)        0F92
_TRISB                   (abs)        0F93
_TRISBbits               (abs)        0F93
_TRISC                   (abs)        0F94
_TRISD                   (abs)        0F95
_TRISE                   (abs)        0F96
_TXREG1                  (abs)        0FAD
_TXSTA1bits              (abs)        0FAC
__HRAM                   (abs)        0000
__H__absolute__          __absolute__ 0000
__H_firma_text           _firma_text  1008
__Habs1                  abs1         0000
__Hbank0                 bank0        0000
__Hbank1                 bank1        0000
__Hbank2                 bank2        0000
__Hbank3                 bank3        0000
__Hbank4                 bank4        0000
__Hbank5                 bank5        0000
__Hbank6                 bank6        0000
__Hbank7                 bank7        0000
__Hbigbss                bigbss       0000
__Hbigdata               bigdata      0000
__Hbigram                bigram       0000
__Hbigsfr                bigsfr       0000
__Hbss                   bss          0000
__HbssCOMRAM             bssCOMRAM    0000
__Hcinit                 cinit        0000
__Hclrtext               clrtext      0000
__Hcomram                comram       0000
__Hconfig                config       0000
__Hconst                 const        0000
__HcstackCOMRAM          cstackCOMRAM 0000
__Hdata                  data         0000
__Heeprom_data           eeprom_data  0000
__Hfarbss                farbss       0000
__Hfardata               fardata      0000
__Hheap                  heap         0000
__Hibigdata              ibigdata     0000
__Hidata                 idata        0000
__Hidloc                 idloc        0000
__Hifardata              ifardata     0000
__Hinit                  init         1246
__Hintcode               intcode      100E
__Hintcode_body          intcode_body 0000
__Hintcodelo             intcodelo    1242
__Hintentry              intentry     0000
__Hintret                intret       0000
__Hintsave_regs          intsave_regs 0000
__Hirdata                irdata       0000
__Hmediumconst           mediumconst  0000
__HnvFARRAM              nvFARRAM     0000
__Hnvbit                 nvbit        0000
__Hnvrram                nvrram       0000
__Hparam                 rparam       0000
__Hpowerup               powerup      1242
__Hram                   ram          0000
__Hramtop                ramtop       0800
__Hrbit                  rbit         0000
__Hrbss                  rbss         0000
__Hrdata                 rdata        0000
__Hreset_vec             reset_vec    1004
__Hrparam                rparam       0000
__Hsfr                   sfr          0000
__Hsivt_hi               sivt_hi      0000
__Hsivt_lo               sivt_lo      0000
__Hsmallconst            smallconst   128C
__Hspace_0               (abs)        187E
__Hspace_1               (abs)        0035
__Hspace_2               (abs)        0000
__Hspace_4               (abs)        0000
__Hstack                 stack        0000
__Hstruct                struct       0000
__Htemp                  temp         0035
__Htext                  text         0000
__Htext0                 text0        0000
__Htext1                 text1        0000
__Htext11                text11       0000
__Htext12                text12       0000
__Htext2                 text2        0000
__Htext3                 text3        0000
__Htext4                 text4        0000
__Htext5                 text5        0000
__Htext6                 text6        0000
__Htext7                 text7        0000
__Htext9                 text9        0000
__LRAM                   (abs)        0001
__L__absolute__          __absolute__ 0000
__L_firma_text           _firma_text  1006
__Labs1                  abs1         0000
__Lbank0                 bank0        0000
__Lbank1                 bank1        0000
__Lbank2                 bank2        0000
__Lbank3                 bank3        0000
__Lbank4                 bank4        0000
__Lbank5                 bank5        0000
__Lbank6                 bank6        0000
__Lbank7                 bank7        0000
__Lbigbss                bigbss       0000
__Lbigdata               bigdata      0000
__Lbigram                bigram       0000
__Lbigsfr                bigsfr       0000
__Lbss                   bss          0000
__LbssCOMRAM             bssCOMRAM    0000
__Lcinit                 cinit        0000
__Lclrtext               clrtext      0000
__Lcomram                comram       0000
__Lconfig                config       0000
__Lconst                 const        0000
__LcstackCOMRAM          cstackCOMRAM 0000
__Ldata                  data         0000
__Leeprom_data           eeprom_data  0000
__Lfarbss                farbss       0000
__Lfardata               fardata      0000
__Lheap                  heap         0000
__Libigdata              ibigdata     0000
__Lidata                 idata        0000
__Lidloc                 idloc        0000
__Lifardata              ifardata     0000
__Linit                  init         1242
__Lintcode               intcode      1008
__Lintcode_body          intcode_body 0000
__Lintcodelo             intcodelo    1018
__Lintentry              intentry     0000
__Lintret                intret       0000
__Lintsave_regs          intsave_regs 0000
__Lirdata                irdata       0000
__Lmediumconst           mediumconst  0000
__LnvFARRAM              nvFARRAM     0000
__Lnvbit                 nvbit        0000
__Lnvrram                nvrram       0000
__Lparam                 rparam       0000
__Lpowerup               powerup      1242
__Lram                   ram          0000
__Lramtop                ramtop       0800
__Lrbit                  rbit         0000
__Lrbss                  rbss         0000
__Lrdata                 rdata        0000
__Lreset_vec             reset_vec    1000
__Lrparam                rparam       0000
__Lsfr                   sfr          0000
__Lsivt_hi               sivt_hi      0000
__Lsivt_lo               sivt_lo      0000
__Lsmallconst            smallconst   1246
__Lspace_0               (abs)        0000
__Lspace_1               (abs)        0000
__Lspace_2               (abs)        0000
__Lspace_4               (abs)        0000
__Lstack                 stack        0000
__Lstruct                struct       0000
__Ltemp                  temp         0034
__Ltext                  text         0000
__Ltext0                 text0        0000
__Ltext1                 text1        0000
__Ltext11                text11       0000
__Ltext12                text12       0000
__Ltext2                 text2        0000
__Ltext3                 text3        0000
__Ltext4                 text4        0000
__Ltext5                 text5        0000
__Ltext6                 text6        0000
__Ltext7                 text7        0000
__Ltext9                 text9        0000
__S0                     (abs)        187E
__S1                     (abs)        0035
__S4                     (abs)        0000
__S5                     (abs)        0000
___heap_hi               (abs)        0000
___heap_lo               (abs)        0000
___inthi_sp              stack        0000
___inthi_stack_hi        stack        0000
___inthi_stack_lo        stack        0000
___intlo_sp              stack        0000
___intlo_stack_hi        stack        0000
___intlo_stack_lo        stack        0000
___param_bank            (abs)        0000
___rparam_used           (abs)        0001
___sp                    stack        0000
___stack_hi              stack        0000
___stack_lo              stack        0000
__accesstop              (abs)        0060
__activetblptr           (abs)        0002
__end_of__initialization cinit        185C
__end_of_conf_wig        text7        1850
__end_of_config          text6        1676
__end_of_firma           _firma_text  1008
__end_of_hint            intcode_body 176A
__end_of_lint            intcodelo    1242
__end_of_main            text0        1576
__end_of_mens1           smallconst   125F
__end_of_reeprom         text5        187E
__end_of_segmentos       smallconst   126A
__end_of_tx_232          text4        17B8
__end_of_ver_par         text2        13C8
__end_of_wcero           text12       15F8
__end_of_weeprom         text3        1830
__end_of_wiegand         text1        14CE
__end_of_wig_tout        text9        1804
__end_of_wuno            text11       16F2
__initialization         cinit        1850
__mediumconst            mediumconst  0000
__p_firma_text           _firma_text  1006
__pbssCOMRAM             bssCOMRAM    0024
__pcinit                 cinit        1850
__pcstackCOMRAM          cstackCOMRAM 0001
__pintcode               intcode      1008
__pintcode_body          intcode_body 16F2
__pintcodelo             intcodelo    1018
__psmallconst            smallconst   1246
__ptext0                 text0        14CE
__ptext1                 text1        13C8
__ptext11                text11       1676
__ptext12                text12       1576
__ptext2                 text2        128C
__ptext3                 text3        1804
__ptext4                 text4        176A
__ptext5                 text5        186A
__ptext6                 text6        15F8
__ptext7                 text7        1830
__ptext9                 text9        17B8
__ramtop                 ramtop       0800
__smallconst             smallconst   1246
_conf_wig                text7        1830
_config                  text6        15F8
_firma                   _firma_text  1006
_firma_absaddr           (abs)        1006
_hint                    intcode      1008
_lint                    intcodelo    1018
_main                    text0        14CE
_mens1                   smallconst   1247
_nbits                   bssCOMRAM    0032
_nbits0                  bssCOMRAM    0031
_nbits1                  bssCOMRAM    0030
_p_imp                   bssCOMRAM    002F
_p_par                   bssCOMRAM    002E
_reeprom                 text5        186A
_segmentos               smallconst   125F
_tecla                   bssCOMRAM    002D
_timeout                 bssCOMRAM    0033
_tx_232                  text4        176A
_ver_par                 text2        128C
_w_ceros                 bssCOMRAM    0028
_w_unos                  bssCOMRAM    002A
_wcero                   text12       1576
_weeprom                 text3        1804
_wiegand                 text1        13C8
_wig_tout                text9        17B8
_wig_val                 bssCOMRAM    0024
_wuno                    text11       1676
btemp                    temp         0034
end_of_initialization    cinit        185C
hint@rx_buf              cstackCOMRAM 0001
int$flags                temp         0034
int_func                 intcode_body 16F2
intlevel0                text         0000
intlevel1                text         0000
intlevel2                text         0000
intlevel3                text         0000
isa$std                  (abs)        0001
isa$xinst                (abs)        0000
lint@rota                bssCOMRAM    002C
main@b0                  cstackCOMRAM 0022
main@b1                  cstackCOMRAM 0021
main@b2                  cstackCOMRAM 0020
main@retorno             cstackCOMRAM 0023
reeprom@dir              cstackCOMRAM 000A
stackhi                  (abs)        0000
stacklo                  (abs)        0000
start                    init         1242
start_initialization     cinit        1850
ttemp5                   temp         0035
ttemp6                   temp         0038
ttemp7                   temp         003C
tx_232@longitud          cstackCOMRAM 000C
tx_232@mens              cstackCOMRAM 000A
ver_par@cont             cstackCOMRAM 0014
ver_par@unos_1           cstackCOMRAM 000E
ver_par@unos_2           cstackCOMRAM 000F
ver_par@wig_val2         cstackCOMRAM 0010
weeprom@dato             cstackCOMRAM 000A
weeprom@dir              cstackCOMRAM 000B
wiegand@b0               cstackCOMRAM 0017
wiegand@b1               cstackCOMRAM 0016
wiegand@b2               cstackCOMRAM 0015
wiegand@s                cstackCOMRAM 001C
wtemp8                   temp         0035


MODULE INFORMATION

Module		Function		Class		Link	Load	Size
teclado_display_main_mp.c
		_hint          		CODE           	1008	0000	126
		_lint          		CODE           	1018	0000	554
		_reeprom       		CODE           	186A	0000	20
		_tx_232        		CODE           	176A	0000	78
		_weeprom       		CODE           	1804	0000	44
		_main          		CODE           	14CE	0000	168

teclado_display_main_mp.c estimated size: 990

wiegand.c
		_wiegand       		CODE           	13C8	0000	262
		_wuno          		CODE           	1676	0000	124
		_conf_wig      		CODE           	1830	0000	32
		_ver_par       		CODE           	128C	0000	316
		_wcero         		CODE           	1576	0000	130
		_wig_tout      		CODE           	17B8	0000	76

wiegand.c estimated size: 940

config.c
		_config        		CODE           	15F8	0000	126

config.c estimated size: 126

shared
		_segmentos     		SMALLCONST     	125F	0000	11
		_firma         		CODE           	1006	0000	2
		_mens1         		SMALLCONST     	1247	0000	24
		__initialization		CODE           	1850	0000	12

shared estimated size: 49

