MPLINK 5.09, LINKER
Linker Map File - Created Wed Dec 13 23:41:27 2023

                                 Section Info
                  Section       Type    Address   Location Size(Bytes)
                ---------  ---------  ---------  ---------  ---------
                 RES_VECT       code   0x000000    program   0x000004
                   .cinit    romdata   0x000004    program   0x000002
                  entrada       code   0x000006    program   0x00048a
                MAIN_PROG       code   0x000490    program   0x000054
               .udata_acs      udata   0x000000       data   0x00002c



                              Program Memory Usage 
                               Start         End      
                           ---------   ---------      
                            0x000000    0x0004e3      
            1252 out of 33048 program addresses used, program memory utilization is 3%



                              Symbols - Sorted by Name
                     Name    Address   Location    Storage File                     
                ---------  ---------  ---------  --------- ---------                
                  ADICION   0x000192    program     static C:\Users\migue\MPLABXProjects\Proyecto Final 1.X\main.asm
   APAGADO_CONTROLDECARRY   0x000244    program     static C:\Users\migue\MPLABXProjects\Proyecto Final 1.X\main.asm
                    CARGA   0x000266    program     static C:\Users\migue\MPLABXProjects\Proyecto Final 1.X\main.asm
              CARGA_CARRY   0x000288    program     static C:\Users\migue\MPLABXProjects\Proyecto Final 1.X\main.asm
                     CAS0   0x0003f2    program     static C:\Users\migue\MPLABXProjects\Proyecto Final 1.X\main.asm
                     CAS1   0x0003c6    program     static C:\Users\migue\MPLABXProjects\Proyecto Final 1.X\main.asm
              COMPARACION   0x000356    program     static C:\Users\migue\MPLABXProjects\Proyecto Final 1.X\main.asm
           CONTROLDECARRY   0x00023c    program     static C:\Users\migue\MPLABXProjects\Proyecto Final 1.X\main.asm
                  CONVDEC   0x00041e    program     static C:\Users\migue\MPLABXProjects\Proyecto Final 1.X\main.asm
               CONVER_DEC   0x000344    program     static C:\Users\migue\MPLABXProjects\Proyecto Final 1.X\main.asm
                 CONV_ASC   0x00025a    program     static C:\Users\migue\MPLABXProjects\Proyecto Final 1.X\main.asm
                CONV_ASC2   0x00046a    program     static C:\Users\migue\MPLABXProjects\Proyecto Final 1.X\main.asm
         DISMINUCION_MINU   0x000462    program     static C:\Users\migue\MPLABXProjects\Proyecto Final 1.X\main.asm
                    FALSO   0x0000fa    program     static C:\Users\migue\MPLABXProjects\Proyecto Final 1.X\main.asm
                  INICIAL   0x0004a8    program     static C:\Users\migue\MPLABXProjects\Proyecto Final 1.X\main.asm
                     LAZO   0x0000c8    program     static C:\Users\migue\MPLABXProjects\Proyecto Final 1.X\main.asm
                  LECTURA   0x0004b4    program     static C:\Users\migue\MPLABXProjects\Proyecto Final 1.X\main.asm
            LECTURA_DE_OP   0x00010a    program     static C:\Users\migue\MPLABXProjects\Proyecto Final 1.X\main.asm
                  LLENADO   0x0002a0    program     static C:\Users\migue\MPLABXProjects\Proyecto Final 1.X\main.asm
           MULTIPLICACION   0x00048c    program     static C:\Users\migue\MPLABXProjects\Proyecto Final 1.X\main.asm
                    RESTA   0x0002c4    program     static C:\Users\migue\MPLABXProjects\Proyecto Final 1.X\main.asm
                 RES_DIEZ   0x000236    program     static C:\Users\migue\MPLABXProjects\Proyecto Final 1.X\main.asm
                       S1   0x00014c    program     static C:\Users\migue\MPLABXProjects\Proyecto Final 1.X\main.asm
                    SIGNO   0x000154    program     static C:\Users\migue\MPLABXProjects\Proyecto Final 1.X\main.asm
                SIGNO_RES   0x0002d4    program     static C:\Users\migue\MPLABXProjects\Proyecto Final 1.X\main.asm
                   SIG_IG   0x00017c    program     static C:\Users\migue\MPLABXProjects\Proyecto Final 1.X\main.asm
               SIG_IG_RES   0x0002fc    program     static C:\Users\migue\MPLABXProjects\Proyecto Final 1.X\main.asm
                  SIMBOL0   0x00037a    program     static C:\Users\migue\MPLABXProjects\Proyecto Final 1.X\main.asm
                 SIMBOL1L   0x000396    program     static C:\Users\migue\MPLABXProjects\Proyecto Final 1.X\main.asm
                 SIMBOL1M   0x0003a8    program     static C:\Users\migue\MPLABXProjects\Proyecto Final 1.X\main.asm
                    START   0x000490    program     static C:\Users\migue\MPLABXProjects\Proyecto Final 1.X\main.asm
                      SUB   0x0003ba    program     static C:\Users\migue\MPLABXProjects\Proyecto Final 1.X\main.asm
                     SUMA   0x000144    program     static C:\Users\migue\MPLABXProjects\Proyecto Final 1.X\main.asm
                    SUMA6   0x000230    program     static C:\Users\migue\MPLABXProjects\Proyecto Final 1.X\main.asm
              SUSTRACCION   0x000432    program     static C:\Users\migue\MPLABXProjects\Proyecto Final 1.X\main.asm
                VERDADERO   0x000102    program     static C:\Users\migue\MPLABXProjects\Proyecto Final 1.X\main.asm
                VERIFICAR   0x000010    program     static C:\Users\migue\MPLABXProjects\Proyecto Final 1.X\main.asm
                 V_NUMERO   0x0000c2    program     static C:\Users\migue\MPLABXProjects\Proyecto Final 1.X\main.asm
                V_SIMBOLO   0x000084    program     static C:\Users\migue\MPLABXProjects\Proyecto Final 1.X\main.asm
           V_SIMBOLO_PLUS   0x00009e    program     static C:\Users\migue\MPLABXProjects\Proyecto Final 1.X\main.asm
                        X   0x0001a4    program     static C:\Users\migue\MPLABXProjects\Proyecto Final 1.X\main.asm
                       X1   0x0001c8    program     static C:\Users\migue\MPLABXProjects\Proyecto Final 1.X\main.asm
                       X3   0x0002ac    program     static C:\Users\migue\MPLABXProjects\Proyecto Final 1.X\main.asm
                       X4   0x000306    program     static C:\Users\migue\MPLABXProjects\Proyecto Final 1.X\main.asm
                       X5   0x0002cc    program     static C:\Users\migue\MPLABXProjects\Proyecto Final 1.X\main.asm
            _entrada_0226   0x00022c    program     static C:\Users\migue\MPLABXProjects\Proyecto Final 1.X\main.asm
            _entrada_02CA   0x0002d0    program     static C:\Users\migue\MPLABXProjects\Proyecto Final 1.X\main.asm
            _entrada_0486   0x00048c    program     static C:\Users\migue\MPLABXProjects\Proyecto Final 1.X\main.asm
             aumentocarry   0x00024c    program     static C:\Users\migue\MPLABXProjects\Proyecto Final 1.X\main.asm
            carga_de_FSR0   0x0000f2    program     static C:\Users\migue\MPLABXProjects\Proyecto Final 1.X\main.asm
                   cargar   0x000476    program     static C:\Users\migue\MPLABXProjects\Proyecto Final 1.X\main.asm
                  entrada   0x000006    program     static C:\Users\migue\MPLABXProjects\Proyecto Final 1.X\main.asm
                  guardar   0x0000e4    program     static C:\Users\migue\MPLABXProjects\Proyecto Final 1.X\main.asm
                     loop   0x0004c6    program     static C:\Users\migue\MPLABXProjects\Proyecto Final 1.X\main.asm
             modificacion   0x000450    program     static C:\Users\migue\MPLABXProjects\Proyecto Final 1.X\main.asm
                   suma_1   0x0001e2    program     static C:\Users\migue\MPLABXProjects\Proyecto Final 1.X\main.asm
                       x2   0x000218    program     static C:\Users\migue\MPLABXProjects\Proyecto Final 1.X\main.asm
                      aux   0x00000b       data     static C:\Users\migue\MPLABXProjects\Proyecto Final 1.X\main.asm
                 aux_add0   0x000012       data     static C:\Users\migue\MPLABXProjects\Proyecto Final 1.X\main.asm
                 aux_add1   0x000013       data     static C:\Users\migue\MPLABXProjects\Proyecto Final 1.X\main.asm
                aux_comp0   0x00001b       data     static C:\Users\migue\MPLABXProjects\Proyecto Final 1.X\main.asm
                aux_comp1   0x00001c       data     static C:\Users\migue\MPLABXProjects\Proyecto Final 1.X\main.asm
             aux_de_casos   0x000021       data     static C:\Users\migue\MPLABXProjects\Proyecto Final 1.X\main.asm
      aux_de_verificacion   0x00000c       data     static C:\Users\migue\MPLABXProjects\Proyecto Final 1.X\main.asm
                  aux_dec   0x000022       data     static C:\Users\migue\MPLABXProjects\Proyecto Final 1.X\main.asm
              aux_llenado   0x000018       data     static C:\Users\migue\MPLABXProjects\Proyecto Final 1.X\main.asm
               aux_numero   0x00000d       data     static C:\Users\migue\MPLABXProjects\Proyecto Final 1.X\main.asm
                 aux_sig0   0x000010       data     static C:\Users\migue\MPLABXProjects\Proyecto Final 1.X\main.asm
                 aux_sig1   0x000011       data     static C:\Users\migue\MPLABXProjects\Proyecto Final 1.X\main.asm
                    carry   0x00001a       data     static C:\Users\migue\MPLABXProjects\Proyecto Final 1.X\main.asm
             con_de_carry   0x000019       data     static C:\Users\migue\MPLABXProjects\Proyecto Final 1.X\main.asm
                cont_guar   0x000017       data     static C:\Users\migue\MPLABXProjects\Proyecto Final 1.X\main.asm
                cont_sum0   0x000014       data     static C:\Users\migue\MPLABXProjects\Proyecto Final 1.X\main.asm
                cont_sum1   0x000015       data     static C:\Users\migue\MPLABXProjects\Proyecto Final 1.X\main.asm
                cont_sum2   0x000016       data     static C:\Users\migue\MPLABXProjects\Proyecto Final 1.X\main.asm
contador_de_posicion_de_dato   0x00000a       data     static C:\Users\migue\MPLABXProjects\Proyecto Final 1.X\main.asm
   controlador_de_lectura   0x000009       data     static C:\Users\migue\MPLABXProjects\Proyecto Final 1.X\main.asm
                ind_comp0   0x00001d       data     static C:\Users\migue\MPLABXProjects\Proyecto Final 1.X\main.asm
                ind_comp1   0x00001e       data     static C:\Users\migue\MPLABXProjects\Proyecto Final 1.X\main.asm
                 minuendo   0x00001f       data     static C:\Users\migue\MPLABXProjects\Proyecto Final 1.X\main.asm
                 operador   0x00000f       data     static C:\Users\migue\MPLABXProjects\Proyecto Final 1.X\main.asm
                 post_res   0x000024       data     static C:\Users\migue\MPLABXProjects\Proyecto Final 1.X\main.asm
                   result   0x000023       data     static C:\Users\migue\MPLABXProjects\Proyecto Final 1.X\main.asm
               sustraendo   0x000020       data     static C:\Users\migue\MPLABXProjects\Proyecto Final 1.X\main.asm
                   tabram   0x000000       data     static C:\Users\migue\MPLABXProjects\Proyecto Final 1.X\main.asm
                tabresult   0x000025       data     static C:\Users\migue\MPLABXProjects\Proyecto Final 1.X\main.asm
                     var3   0x00000e       data     static C:\Users\migue\MPLABXProjects\Proyecto Final 1.X\main.asm



                              Symbols - Sorted by Address
                     Name    Address   Location    Storage File                     
                ---------  ---------  ---------  --------- ---------                
                  entrada   0x000006    program     static C:\Users\migue\MPLABXProjects\Proyecto Final 1.X\main.asm
                VERIFICAR   0x000010    program     static C:\Users\migue\MPLABXProjects\Proyecto Final 1.X\main.asm
                V_SIMBOLO   0x000084    program     static C:\Users\migue\MPLABXProjects\Proyecto Final 1.X\main.asm
           V_SIMBOLO_PLUS   0x00009e    program     static C:\Users\migue\MPLABXProjects\Proyecto Final 1.X\main.asm
                 V_NUMERO   0x0000c2    program     static C:\Users\migue\MPLABXProjects\Proyecto Final 1.X\main.asm
                     LAZO   0x0000c8    program     static C:\Users\migue\MPLABXProjects\Proyecto Final 1.X\main.asm
                  guardar   0x0000e4    program     static C:\Users\migue\MPLABXProjects\Proyecto Final 1.X\main.asm
            carga_de_FSR0   0x0000f2    program     static C:\Users\migue\MPLABXProjects\Proyecto Final 1.X\main.asm
                    FALSO   0x0000fa    program     static C:\Users\migue\MPLABXProjects\Proyecto Final 1.X\main.asm
                VERDADERO   0x000102    program     static C:\Users\migue\MPLABXProjects\Proyecto Final 1.X\main.asm
            LECTURA_DE_OP   0x00010a    program     static C:\Users\migue\MPLABXProjects\Proyecto Final 1.X\main.asm
                     SUMA   0x000144    program     static C:\Users\migue\MPLABXProjects\Proyecto Final 1.X\main.asm
                       S1   0x00014c    program     static C:\Users\migue\MPLABXProjects\Proyecto Final 1.X\main.asm
                    SIGNO   0x000154    program     static C:\Users\migue\MPLABXProjects\Proyecto Final 1.X\main.asm
                   SIG_IG   0x00017c    program     static C:\Users\migue\MPLABXProjects\Proyecto Final 1.X\main.asm
                  ADICION   0x000192    program     static C:\Users\migue\MPLABXProjects\Proyecto Final 1.X\main.asm
                        X   0x0001a4    program     static C:\Users\migue\MPLABXProjects\Proyecto Final 1.X\main.asm
                       X1   0x0001c8    program     static C:\Users\migue\MPLABXProjects\Proyecto Final 1.X\main.asm
                   suma_1   0x0001e2    program     static C:\Users\migue\MPLABXProjects\Proyecto Final 1.X\main.asm
                       x2   0x000218    program     static C:\Users\migue\MPLABXProjects\Proyecto Final 1.X\main.asm
            _entrada_0226   0x00022c    program     static C:\Users\migue\MPLABXProjects\Proyecto Final 1.X\main.asm
                    SUMA6   0x000230    program     static C:\Users\migue\MPLABXProjects\Proyecto Final 1.X\main.asm
                 RES_DIEZ   0x000236    program     static C:\Users\migue\MPLABXProjects\Proyecto Final 1.X\main.asm
           CONTROLDECARRY   0x00023c    program     static C:\Users\migue\MPLABXProjects\Proyecto Final 1.X\main.asm
   APAGADO_CONTROLDECARRY   0x000244    program     static C:\Users\migue\MPLABXProjects\Proyecto Final 1.X\main.asm
             aumentocarry   0x00024c    program     static C:\Users\migue\MPLABXProjects\Proyecto Final 1.X\main.asm
                 CONV_ASC   0x00025a    program     static C:\Users\migue\MPLABXProjects\Proyecto Final 1.X\main.asm
                    CARGA   0x000266    program     static C:\Users\migue\MPLABXProjects\Proyecto Final 1.X\main.asm
              CARGA_CARRY   0x000288    program     static C:\Users\migue\MPLABXProjects\Proyecto Final 1.X\main.asm
                  LLENADO   0x0002a0    program     static C:\Users\migue\MPLABXProjects\Proyecto Final 1.X\main.asm
                       X3   0x0002ac    program     static C:\Users\migue\MPLABXProjects\Proyecto Final 1.X\main.asm
                    RESTA   0x0002c4    program     static C:\Users\migue\MPLABXProjects\Proyecto Final 1.X\main.asm
                       X5   0x0002cc    program     static C:\Users\migue\MPLABXProjects\Proyecto Final 1.X\main.asm
            _entrada_02CA   0x0002d0    program     static C:\Users\migue\MPLABXProjects\Proyecto Final 1.X\main.asm
                SIGNO_RES   0x0002d4    program     static C:\Users\migue\MPLABXProjects\Proyecto Final 1.X\main.asm
               SIG_IG_RES   0x0002fc    program     static C:\Users\migue\MPLABXProjects\Proyecto Final 1.X\main.asm
                       X4   0x000306    program     static C:\Users\migue\MPLABXProjects\Proyecto Final 1.X\main.asm
               CONVER_DEC   0x000344    program     static C:\Users\migue\MPLABXProjects\Proyecto Final 1.X\main.asm
              COMPARACION   0x000356    program     static C:\Users\migue\MPLABXProjects\Proyecto Final 1.X\main.asm
                  SIMBOL0   0x00037a    program     static C:\Users\migue\MPLABXProjects\Proyecto Final 1.X\main.asm
                 SIMBOL1L   0x000396    program     static C:\Users\migue\MPLABXProjects\Proyecto Final 1.X\main.asm
                 SIMBOL1M   0x0003a8    program     static C:\Users\migue\MPLABXProjects\Proyecto Final 1.X\main.asm
                      SUB   0x0003ba    program     static C:\Users\migue\MPLABXProjects\Proyecto Final 1.X\main.asm
                     CAS1   0x0003c6    program     static C:\Users\migue\MPLABXProjects\Proyecto Final 1.X\main.asm
                     CAS0   0x0003f2    program     static C:\Users\migue\MPLABXProjects\Proyecto Final 1.X\main.asm
                  CONVDEC   0x00041e    program     static C:\Users\migue\MPLABXProjects\Proyecto Final 1.X\main.asm
              SUSTRACCION   0x000432    program     static C:\Users\migue\MPLABXProjects\Proyecto Final 1.X\main.asm
             modificacion   0x000450    program     static C:\Users\migue\MPLABXProjects\Proyecto Final 1.X\main.asm
         DISMINUCION_MINU   0x000462    program     static C:\Users\migue\MPLABXProjects\Proyecto Final 1.X\main.asm
                CONV_ASC2   0x00046a    program     static C:\Users\migue\MPLABXProjects\Proyecto Final 1.X\main.asm
                   cargar   0x000476    program     static C:\Users\migue\MPLABXProjects\Proyecto Final 1.X\main.asm
            _entrada_0486   0x00048c    program     static C:\Users\migue\MPLABXProjects\Proyecto Final 1.X\main.asm
           MULTIPLICACION   0x00048c    program     static C:\Users\migue\MPLABXProjects\Proyecto Final 1.X\main.asm
                    START   0x000490    program     static C:\Users\migue\MPLABXProjects\Proyecto Final 1.X\main.asm
                  INICIAL   0x0004a8    program     static C:\Users\migue\MPLABXProjects\Proyecto Final 1.X\main.asm
                  LECTURA   0x0004b4    program     static C:\Users\migue\MPLABXProjects\Proyecto Final 1.X\main.asm
                     loop   0x0004c6    program     static C:\Users\migue\MPLABXProjects\Proyecto Final 1.X\main.asm
                   tabram   0x000000       data     static C:\Users\migue\MPLABXProjects\Proyecto Final 1.X\main.asm
   controlador_de_lectura   0x000009       data     static C:\Users\migue\MPLABXProjects\Proyecto Final 1.X\main.asm
contador_de_posicion_de_dato   0x00000a       data     static C:\Users\migue\MPLABXProjects\Proyecto Final 1.X\main.asm
                      aux   0x00000b       data     static C:\Users\migue\MPLABXProjects\Proyecto Final 1.X\main.asm
      aux_de_verificacion   0x00000c       data     static C:\Users\migue\MPLABXProjects\Proyecto Final 1.X\main.asm
               aux_numero   0x00000d       data     static C:\Users\migue\MPLABXProjects\Proyecto Final 1.X\main.asm
                     var3   0x00000e       data     static C:\Users\migue\MPLABXProjects\Proyecto Final 1.X\main.asm
                 operador   0x00000f       data     static C:\Users\migue\MPLABXProjects\Proyecto Final 1.X\main.asm
                 aux_sig0   0x000010       data     static C:\Users\migue\MPLABXProjects\Proyecto Final 1.X\main.asm
                 aux_sig1   0x000011       data     static C:\Users\migue\MPLABXProjects\Proyecto Final 1.X\main.asm
                 aux_add0   0x000012       data     static C:\Users\migue\MPLABXProjects\Proyecto Final 1.X\main.asm
                 aux_add1   0x000013       data     static C:\Users\migue\MPLABXProjects\Proyecto Final 1.X\main.asm
                cont_sum0   0x000014       data     static C:\Users\migue\MPLABXProjects\Proyecto Final 1.X\main.asm
                cont_sum1   0x000015       data     static C:\Users\migue\MPLABXProjects\Proyecto Final 1.X\main.asm
                cont_sum2   0x000016       data     static C:\Users\migue\MPLABXProjects\Proyecto Final 1.X\main.asm
                cont_guar   0x000017       data     static C:\Users\migue\MPLABXProjects\Proyecto Final 1.X\main.asm
              aux_llenado   0x000018       data     static C:\Users\migue\MPLABXProjects\Proyecto Final 1.X\main.asm
             con_de_carry   0x000019       data     static C:\Users\migue\MPLABXProjects\Proyecto Final 1.X\main.asm
                    carry   0x00001a       data     static C:\Users\migue\MPLABXProjects\Proyecto Final 1.X\main.asm
                aux_comp0   0x00001b       data     static C:\Users\migue\MPLABXProjects\Proyecto Final 1.X\main.asm
                aux_comp1   0x00001c       data     static C:\Users\migue\MPLABXProjects\Proyecto Final 1.X\main.asm
                ind_comp0   0x00001d       data     static C:\Users\migue\MPLABXProjects\Proyecto Final 1.X\main.asm
                ind_comp1   0x00001e       data     static C:\Users\migue\MPLABXProjects\Proyecto Final 1.X\main.asm
                 minuendo   0x00001f       data     static C:\Users\migue\MPLABXProjects\Proyecto Final 1.X\main.asm
               sustraendo   0x000020       data     static C:\Users\migue\MPLABXProjects\Proyecto Final 1.X\main.asm
             aux_de_casos   0x000021       data     static C:\Users\migue\MPLABXProjects\Proyecto Final 1.X\main.asm
                  aux_dec   0x000022       data     static C:\Users\migue\MPLABXProjects\Proyecto Final 1.X\main.asm
                   result   0x000023       data     static C:\Users\migue\MPLABXProjects\Proyecto Final 1.X\main.asm
                 post_res   0x000024       data     static C:\Users\migue\MPLABXProjects\Proyecto Final 1.X\main.asm
                tabresult   0x000025       data     static C:\Users\migue\MPLABXProjects\Proyecto Final 1.X\main.asm


