Microchip MPLAB XC8 Compiler V2.46

Linker command line:

-W-3 \
  --edf=C:\Program Files\Microchip\xc8\v2.46\pic\dat\20240104201356_en.msgs \
  -cn -h+dist/default/debug\Proyecto_fInal_mig.X.debug.sym \
  --cmf=dist/default/debug\Proyecto_fInal_mig.X.debug.cmf -z -Q18F45K50 \
  -oC:\Users\migue\AppData\Local\Temp\xcBs31o.1\driver_tmp_3.o \
  --defsym=__MPLAB_BUILD=1 --fixupoverflow=error \
  -Mdist/default/debug/Proyecto_fInal_mig.X.debug.map \
  --md=C:\Users\migue\AppData\Local\Temp\xcBs31o.1\driver_tmp_0.dat -E1 \
  -ver=XC8 Compiler --acfsm=1493 -p_firma_text=1006h -ACODE=01000h-07FFFh \
  -ACONST=01000h-07FFFh -ASMALLCONST=01000h-010FFhx112 \
  -AMEDIUMCONST=01000h-07FFFh -ACOMRAM=01h-05Fh -AABS1=00h-07FFh \
  -ABIGRAM=01h-07FFh -ARAM=060h-0FFh,0100h-01FFhx7 -ABANK0=060h-0FFh \
  -ABANK1=0100h-01FFh -ABANK2=0200h-02FFh -ABANK3=0300h-03FFh \
  -ABANK4=0400h-04FFh -ABANK5=0500h-05FFh -ABANK6=0600h-06FFh \
  -ABANK7=0700h-07FFh -ASFR=0F53h-0F5Fh,0F60h-0FFFh -ABIGSFR=0F53h-0FFFh \
  -ACONFIG=0300000h-030000Dh -AIDLOC=0200000h-0200007h \
  -AEEDATA=0F00000h-0F000FFh -peeprom_data=EEDATA \
  -preset_vec=01000h,intcode=1008h,intcodelo=1018h,powerup,init \
  -pramtop=0800h -psmallconst=SMALLCONST -pmediumconst=MEDIUMCONST \
  -pconst=CONST -AFARRAM=00h-00h \
  -prdata=COMRAM,nvrram=COMRAM,nvbit=COMRAM,rbss=COMRAM,rbit=COMRAM \
  -pfarbss=FARRAM,fardata=FARRAM,nvFARRAM=FARRAM \
  -pintsave_regs=BIGRAM,bigbss=BIGRAM,bigdata=BIGRAM -pbss=RAM \
  -pidata=CODE,irdata=CODE,ibigdata=CODE,ifardata=CODE -prparam=COMRAM \
  C:\Users\migue\AppData\Local\Temp\xcBs31o.1\driver_tmp_9.o \
  dist/default/debug\Proyecto_fInal_mig.X.debug.o 

Object code version is 3.11

Machine type is 18F45K50



                Name                               Link     Load   Length Selector   Space Scale
C:\Users\migue\AppData\Local\Temp\xcBs31o.1\driver_tmp_9.o
                init                               1066     1066        4      80C       0
                reset_vec                          1000     1000        4      800       0
dist/default/debug\Proyecto_fInal_mig.X.debug.o
                intcodelo                          1018     1018       4E      80C       0
                intcode                            1008     1008        6      804       0
                temp                                 2A       2A        1        1       1
                smallconst                         106A     106A       4A      835       0
                text5                              11D2     11D2       6C      85A       0
                intcode_body                       10B4     10B4       B2      85A       0
                text2                              123E     123E       60      85A       0
                text1                              1166     1166       6C      85A       0
                text0                              129E     129E       2C      85A       0
                cstackCOMRAM                         18       18       12        1       1
                bssCOMRAM                             1        1       17        1       1
                cinit                              12CA     12CA       1A      85A       0
                _firma_text                        1006     1006        2      803       0

TOTAL           Name                               Link     Load   Length     Space
        CLASS   CODE           
                intcodelo                          1018     1018       4E         0
                intcode                            1008     1008        6         0
                init                               1066     1066        4         0
                reset_vec                          1000     1000        4         0
                text5                              11D2     11D2       6C         0
                intcode_body                       10B4     10B4       B2         0
                text2                              123E     123E       60         0
                text1                              1166     1166       6C         0
                text0                              129E     129E       2C         0
                cinit                              12CA     12CA       1A         0
                _firma_text                        1006     1006        2         0

        CLASS   CONST          

        CLASS   SMALLCONST     
                smallconst                         106A     106A       4A         0

        CLASS   MEDIUMCONST    

        CLASS   COMRAM         
                temp                                 2A       2A        1         1
                cstackCOMRAM                         18       18       12         1
                bssCOMRAM                             1        1       17         1

        CLASS   ABS1           

        CLASS   BIGRAM         

        CLASS   RAM            

        CLASS   BANK0          

        CLASS   BANK1          

        CLASS   BANK2          

        CLASS   BANK3          

        CLASS   BANK4          

        CLASS   BANK5          

        CLASS   BANK6          

        CLASS   BANK7          

        CLASS   SFR            

        CLASS   BIGSFR         

        CLASS   CONFIG         

        CLASS   IDLOC          

        CLASS   EEDATA         

        CLASS   FARRAM         

        CLASS   HEAP           

        CLASS   STACK          



SEGMENTS        Name                           Load    Length   Top    Selector   Space  Class

                bssCOMRAM                      000001  00002A  00002B         1       1  COMRAM  
                reset_vec                      001000  000004  001004       800       0  CODE    
                _firma_text                    001006  000002  001008       803       0  CODE    
                intcode                        001008  000006  00100E       804       0  CODE    
                intcodelo                      001018  000052  00106A       80C       0  CODE    
                smallconst                     00106A  00004A  0010B4       835       0  SMALLCON
                intcode_body                   0010B4  000230  0012E4       85A       0  CODE    


UNUSED ADDRESS RANGES

        Name                Unused          Largest block    Delta
        BANK0            0060-00FF             A0
        BANK1            0100-01FF            100
        BANK2            0200-02FF            100
        BANK3            0300-03FF            100
        BANK4            0400-04FF            100
        BANK5            0500-05FF            100
        BANK6            0600-06FF            100
        BANK7            0700-07FF            100
        BIGRAM           002B-07FF            7D5
        BIGSFR           0F53-0FFF             AD
        CODE             1004-1005              2
                         100E-1017              A
                         12E4-7FFF           6D1C
        COMRAM           002B-005F             35
        CONFIG           300000-30000D              E
        CONST            1004-1005              2
                         100E-1017              A
                         12E4-7FFF           6D1C
        EEDATA           F00000-F000FF            100
        FARRAM           0000-0000              1
        IDLOC            200000-200007              8
        MEDIUMCONST      1004-1005              2
                         100E-1017              A
                         12E4-7FFF           6D1C
        RAM              0060-07FF            100
        SFR              0F53-0FFF              D
        SMALLCONST       1004-1005              2
                         100E-1017              A
                         12E4-7FFF            100

                                  Symbol Table

_ANSELA                  (abs)        0F5B
_ANSELB                  (abs)        0F5C
_ANSELC                  (abs)        0F5D
_BAUDCON1                (abs)        0FB8
_INTCON                  (abs)        0FF2
_INTCON2bits             (abs)        0FF1
_INTCON3bits             (abs)        0FF0
_INTCONbits              (abs)        0FF2
_IPR1bits                (abs)        0F9F
_LATAbits                (abs)        0F89
_OSCCON                  (abs)        0FD3
_OSCCON2                 (abs)        0FD2
_OSCTUNE                 (abs)        0F9B
_PIE1bits                (abs)        0F9D
_PIR1bits                (abs)        0F9E
_RCONbits                (abs)        0FD0
_RCREG1                  (abs)        0FAE
_RCSTA1bits              (abs)        0FAB
_RCSTAbits               (abs)        0FAB
_SPBRG1                  (abs)        0FAF
_SPBRGH1                 (abs)        0FB0
_T0CONbits               (abs)        0FD5
_TMR0H                   (abs)        0FD7
_TMR0L                   (abs)        0FD6
_TRISAbits               (abs)        0F92
_TRISBbits               (abs)        0F93
_TRISCbits               (abs)        0F94
_TXREG1                  (abs)        0FAD
_TXSTA1bits              (abs)        0FAC
__HRAM                   (abs)        0000
__H__absolute__          __absolute__ 0000
__H_firma_text           _firma_text  1008
__Habs1                  abs1         0000
__Hbank0                 bank0        0000
__Hbank1                 bank1        0000
__Hbank2                 bank2        0000
__Hbank3                 bank3        0000
__Hbank4                 bank4        0000
__Hbank5                 bank5        0000
__Hbank6                 bank6        0000
__Hbank7                 bank7        0000
__Hbigbss                bigbss       0000
__Hbigdata               bigdata      0000
__Hbigram                bigram       0000
__Hbigsfr                bigsfr       0000
__Hbss                   bss          0000
__HbssCOMRAM             bssCOMRAM    0000
__Hcinit                 cinit        0000
__Hclrtext               clrtext      0000
__Hcomram                comram       0000
__Hconfig                config       0000
__Hconst                 const        0000
__HcstackCOMRAM          cstackCOMRAM 0000
__Hdata                  data         0000
__Heeprom_data           eeprom_data  0000
__Hfarbss                farbss       0000
__Hfardata               fardata      0000
__Hheap                  heap         0000
__Hibigdata              ibigdata     0000
__Hidata                 idata        0000
__Hidloc                 idloc        0000
__Hifardata              ifardata     0000
__Hinit                  init         106A
__Hintcode               intcode      100E
__Hintcode_body          intcode_body 0000
__Hintcodelo             intcodelo    1066
__Hintentry              intentry     0000
__Hintret                intret       0000
__Hintsave_regs          intsave_regs 0000
__Hirdata                irdata       0000
__Hmediumconst           mediumconst  0000
__HnvFARRAM              nvFARRAM     0000
__Hnvbit                 nvbit        0000
__Hnvrram                nvrram       0000
__Hparam                 rparam       0000
__Hpowerup               powerup      1066
__Hram                   ram          0000
__Hramtop                ramtop       0800
__Hrbit                  rbit         0000
__Hrbss                  rbss         0000
__Hrdata                 rdata        0000
__Hreset_vec             reset_vec    1004
__Hrparam                rparam       0000
__Hsfr                   sfr          0000
__Hsivt_hi               sivt_hi      0000
__Hsivt_lo               sivt_lo      0000
__Hsmallconst            smallconst   10B4
__Hspace_0               (abs)        12E4
__Hspace_1               (abs)        002B
__Hspace_2               (abs)        0000
__Hspace_4               (abs)        0000
__Hstack                 stack        0000
__Hstruct                struct       0000
__Htemp                  temp         002B
__Htext                  text         0000
__Htext0                 text0        0000
__Htext1                 text1        0000
__Htext2                 text2        0000
__Htext5                 text5        0000
__LRAM                   (abs)        0001
__L__absolute__          __absolute__ 0000
__L_firma_text           _firma_text  1006
__Labs1                  abs1         0000
__Lbank0                 bank0        0000
__Lbank1                 bank1        0000
__Lbank2                 bank2        0000
__Lbank3                 bank3        0000
__Lbank4                 bank4        0000
__Lbank5                 bank5        0000
__Lbank6                 bank6        0000
__Lbank7                 bank7        0000
__Lbigbss                bigbss       0000
__Lbigdata               bigdata      0000
__Lbigram                bigram       0000
__Lbigsfr                bigsfr       0000
__Lbss                   bss          0000
__LbssCOMRAM             bssCOMRAM    0000
__Lcinit                 cinit        0000
__Lclrtext               clrtext      0000
__Lcomram                comram       0000
__Lconfig                config       0000
__Lconst                 const        0000
__LcstackCOMRAM          cstackCOMRAM 0000
__Ldata                  data         0000
__Leeprom_data           eeprom_data  0000
__Lfarbss                farbss       0000
__Lfardata               fardata      0000
__Lheap                  heap         0000
__Libigdata              ibigdata     0000
__Lidata                 idata        0000
__Lidloc                 idloc        0000
__Lifardata              ifardata     0000
__Linit                  init         1066
__Lintcode               intcode      1008
__Lintcode_body          intcode_body 0000
__Lintcodelo             intcodelo    1018
__Lintentry              intentry     0000
__Lintret                intret       0000
__Lintsave_regs          intsave_regs 0000
__Lirdata                irdata       0000
__Lmediumconst           mediumconst  0000
__LnvFARRAM              nvFARRAM     0000
__Lnvbit                 nvbit        0000
__Lnvrram                nvrram       0000
__Lparam                 rparam       0000
__Lpowerup               powerup      1066
__Lram                   ram          0000
__Lramtop                ramtop       0800
__Lrbit                  rbit         0000
__Lrbss                  rbss         0000
__Lrdata                 rdata        0000
__Lreset_vec             reset_vec    1000
__Lrparam                rparam       0000
__Lsfr                   sfr          0000
__Lsivt_hi               sivt_hi      0000
__Lsivt_lo               sivt_lo      0000
__Lsmallconst            smallconst   106A
__Lspace_0               (abs)        0000
__Lspace_1               (abs)        0000
__Lspace_2               (abs)        0000
__Lspace_4               (abs)        0000
__Lstack                 stack        0000
__Lstruct                struct       0000
__Ltemp                  temp         002A
__Ltext                  text         0000
__Ltext0                 text0        0000
__Ltext1                 text1        0000
__Ltext2                 text2        0000
__Ltext5                 text5        0000
__S0                     (abs)        12E4
__S1                     (abs)        002B
__S4                     (abs)        0000
__S5                     (abs)        0000
___heap_hi               (abs)        0000
___heap_lo               (abs)        0000
___inthi_sp              stack        0000
___inthi_stack_hi        stack        0000
___inthi_stack_lo        stack        0000
___intlo_sp              stack        0000
___intlo_stack_hi        stack        0000
___intlo_stack_lo        stack        0000
___param_bank            (abs)        0000
___rparam_used           (abs)        0001
___sp                    stack        0000
___stack_hi              stack        0000
___stack_lo              stack        0000
__accesstop              (abs)        0060
__activetblptr           (abs)        0002
__end_of__initialization cinit        12D6
__end_of_config          text2        129E
__end_of_firma           _firma_text  1008
__end_of_hint            intcode_body 1166
__end_of_lint            intcodelo    1066
__end_of_main            text0        12CA
__end_of_mens1           smallconst   1083
__end_of_segmentos       smallconst   1093
__end_of_tx_232          text1        11D2
__end_ofi2_tx_232        text5        123E
__initialization         cinit        12CA
__mediumconst            mediumconst  0000
__p_firma_text           _firma_text  1006
__pbssCOMRAM             bssCOMRAM    0001
__pcinit                 cinit        12CA
__pcstackCOMRAM          cstackCOMRAM 0018
__pintcode               intcode      1008
__pintcode_body          intcode_body 10B4
__pintcodelo             intcodelo    1018
__psmallconst            smallconst   106A
__ptext0                 text0        129E
__ptext1                 text1        1166
__ptext2                 text2        123E
__ptext5                 text5        11D2
__ramtop                 ramtop       0800
__smallconst             smallconst   106A
_codigo_leido            bssCOMRAM    0013
_config                  text2        123E
_contador_de_lectura     bssCOMRAM    0009
_firma                   _firma_text  1006
_firma_absaddr           (abs)        1006
_hint                    intcode      1008
_lint                    intcodelo    1018
_main                    text0        129E
_mens1                   smallconst   106B
_nbits                   bssCOMRAM    0010
_nbits0                  bssCOMRAM    000F
_nbits1                  bssCOMRAM    000E
_p_imp                   bssCOMRAM    000D
_p_par                   bssCOMRAM    000C
_pulso                   bssCOMRAM    000B
_rx_buf                  bssCOMRAM    0012
_segmentos               smallconst   1083
_timeout                 bssCOMRAM    0011
_tx_232                  text1        1166
_w_ceros                 bssCOMRAM    0005
_w_unos                  bssCOMRAM    0007
_wig_val                 bssCOMRAM    0001
btemp                    temp         002A
end_of_initialization    cinit        12D6
hint@puntero_codigo      cstackCOMRAM 0024
i2_tx_232                text5        11D2
i2tx_232@mens            cstackCOMRAM 0018
int$flags                temp         002A
int_func                 intcode_body 10B4
intlevel0                text         0000
intlevel1                text         0000
intlevel2                text         0000
intlevel3                text         0000
isa$std                  (abs)        0001
isa$xinst                (abs)        0000
stackhi                  (abs)        0000
stacklo                  (abs)        0000
start                    init         1066
start_initialization     cinit        12CA
ttemp5                   temp         002B
ttemp6                   temp         002E
ttemp7                   temp         0032
tx_232@mens              cstackCOMRAM 0028
wtemp8                   temp         002B


MODULE INFORMATION

Module		Function		Class		Link	Load	Size
configfinal.c
		_config        		CODE           	123E	0000	96

configfinal.c estimated size: 96

mainfinal.c
		_hint          		CODE           	1008	0000	184
		_lint          		CODE           	1018	0000	78
		_tx_232        		CODE           	1166	0000	108
		_main          		CODE           	129E	0000	44

mainfinal.c estimated size: 414

shared
		_segmentos     		SMALLCONST     	1083	0000	16
		_firma         		CODE           	1006	0000	2
		_mens1         		SMALLCONST     	106B	0000	24
		__initialization		CODE           	12CA	0000	12
		i2_tx_232      		CODE           	11D2	0000	108

shared estimated size: 162

