MPLINK 5.09, LINKER
Linker Map File - Created Sat Nov 11 11:42:07 2023

                                 Section Info
                  Section       Type    Address   Location Size(Bytes)
                ---------  ---------  ---------  ---------  ---------
                 RES_VECT       code   0x000000    program   0x00007e
                   .cinit    romdata   0x00007e    program   0x000002
                   .udata      udata   0x000060       data   0x000006



                              Program Memory Usage 
                               Start         End      
                           ---------   ---------      
                            0x000000    0x00007f      
            128 out of 33048 program addresses used, program memory utilization is 0%



                              Symbols - Sorted by Name
                     Name    Address   Location    Storage File                     
                ---------  ---------  ---------  --------- ---------                
                    START   0x000004    program     static C:\Users\migue\MPLABXProjects\Practia_1_MiguelPetruzzella.X\principal.asm
           _RES_VECT_007A   0x00007a    program     static C:\Users\migue\MPLABXProjects\Practia_1_MiguelPetruzzella.X\principal.asm
                      fin   0x00007a    program     static C:\Users\migue\MPLABXProjects\Practia_1_MiguelPetruzzella.X\principal.asm
                     loop   0x000068    program     static C:\Users\migue\MPLABXProjects\Practia_1_MiguelPetruzzella.X\principal.asm
               multiplica   0x00005c    program     static C:\Users\migue\MPLABXProjects\Practia_1_MiguelPetruzzella.X\principal.asm
                    resta   0x000042    program     static C:\Users\migue\MPLABXProjects\Practia_1_MiguelPetruzzella.X\principal.asm
                     suma   0x000028    program     static C:\Users\migue\MPLABXProjects\Practia_1_MiguelPetruzzella.X\principal.asm
                 auxiliar   0x000060       data     static C:\Users\migue\MPLABXProjects\Practia_1_MiguelPetruzzella.X\principal.asm
              auxiliarmul   0x000061       data     static C:\Users\migue\MPLABXProjects\Practia_1_MiguelPetruzzella.X\principal.asm
                operacion   0x000065       data     static C:\Users\migue\MPLABXProjects\Practia_1_MiguelPetruzzella.X\principal.asm
                 resulmul   0x000064       data     static C:\Users\migue\MPLABXProjects\Practia_1_MiguelPetruzzella.X\principal.asm
               resultadoh   0x000063       data     static C:\Users\migue\MPLABXProjects\Practia_1_MiguelPetruzzella.X\principal.asm
               resultadol   0x000062       data     static C:\Users\migue\MPLABXProjects\Practia_1_MiguelPetruzzella.X\principal.asm



                              Symbols - Sorted by Address
                     Name    Address   Location    Storage File                     
                ---------  ---------  ---------  --------- ---------                
                    START   0x000004    program     static C:\Users\migue\MPLABXProjects\Practia_1_MiguelPetruzzella.X\principal.asm
                     suma   0x000028    program     static C:\Users\migue\MPLABXProjects\Practia_1_MiguelPetruzzella.X\principal.asm
                    resta   0x000042    program     static C:\Users\migue\MPLABXProjects\Practia_1_MiguelPetruzzella.X\principal.asm
               multiplica   0x00005c    program     static C:\Users\migue\MPLABXProjects\Practia_1_MiguelPetruzzella.X\principal.asm
                     loop   0x000068    program     static C:\Users\migue\MPLABXProjects\Practia_1_MiguelPetruzzella.X\principal.asm
           _RES_VECT_007A   0x00007a    program     static C:\Users\migue\MPLABXProjects\Practia_1_MiguelPetruzzella.X\principal.asm
                      fin   0x00007a    program     static C:\Users\migue\MPLABXProjects\Practia_1_MiguelPetruzzella.X\principal.asm
                 auxiliar   0x000060       data     static C:\Users\migue\MPLABXProjects\Practia_1_MiguelPetruzzella.X\principal.asm
              auxiliarmul   0x000061       data     static C:\Users\migue\MPLABXProjects\Practia_1_MiguelPetruzzella.X\principal.asm
               resultadol   0x000062       data     static C:\Users\migue\MPLABXProjects\Practia_1_MiguelPetruzzella.X\principal.asm
               resultadoh   0x000063       data     static C:\Users\migue\MPLABXProjects\Practia_1_MiguelPetruzzella.X\principal.asm
                 resulmul   0x000064       data     static C:\Users\migue\MPLABXProjects\Practia_1_MiguelPetruzzella.X\principal.asm
                operacion   0x000065       data     static C:\Users\migue\MPLABXProjects\Practia_1_MiguelPetruzzella.X\principal.asm


