MPLINK 5.09, LINKER
Linker Map File - Created Sat Nov 18 14:50:47 2023

                                 Section Info
                  Section       Type    Address   Location Size(Bytes)
                ---------  ---------  ---------  ---------  ---------
                 RES_VECT       code   0x000000    program   0x000004
                   .cinit    romdata   0x000004    program   0x000002
                      tbl       code   0x000006    program   0x00007e
                MAIN_PROG       code   0x000084    program   0x000026
               .udata_acs      udata   0x000000       data   0x000017



                              Program Memory Usage 
                               Start         End      
                           ---------   ---------      
                            0x000000    0x0000a9      
            170 out of 33048 program addresses used, program memory utilization is 0%



                              Symbols - Sorted by Name
                     Name    Address   Location    Storage File                     
                ---------  ---------  ---------  --------- ---------                
                     LAZO   0x000048    program     static C:\Users\migue\MPLABXProjects\Practica2_Miguel_Petruzzella.X\Practica2prin.asm
                    START   0x000084    program     static C:\Users\migue\MPLABXProjects\Practica2_Miguel_Petruzzella.X\Practica2prin.asm
                _tbl_003E   0x000044    program     static C:\Users\migue\MPLABXProjects\Practica2_Miguel_Petruzzella.X\Practica2prin.asm
                _tbl_0076   0x00007c    program     static C:\Users\migue\MPLABXProjects\Practica2_Miguel_Petruzzella.X\Practica2prin.asm
                _tbl_007A   0x000080    program     static C:\Users\migue\MPLABXProjects\Practica2_Miguel_Petruzzella.X\Practica2prin.asm
               cambia_pos   0x00006c    program     static C:\Users\migue\MPLABXProjects\Practica2_Miguel_Petruzzella.X\Practica2prin.asm
            carga_de_FSR0   0x000020    program     static C:\Users\migue\MPLABXProjects\Practica2_Miguel_Petruzzella.X\Practica2prin.asm
                  guardar   0x000012    program     static C:\Users\migue\MPLABXProjects\Practica2_Miguel_Petruzzella.X\Practica2prin.asm
                     loop   0x000090    program     static C:\Users\migue\MPLABXProjects\Practica2_Miguel_Petruzzella.X\Practica2prin.asm
                 ordenado   0x000028    program     static C:\Users\migue\MPLABXProjects\Practica2_Miguel_Petruzzella.X\Practica2prin.asm
                    tabla   0x000006    program     static C:\Users\migue\MPLABXProjects\Practica2_Miguel_Petruzzella.X\Practica2prin.asm
       contador_principal   0x000006       data     static C:\Users\migue\MPLABXProjects\Practica2_Miguel_Petruzzella.X\Practica2prin.asm
      contador_segundario   0x000005       data     static C:\Users\migue\MPLABXProjects\Practica2_Miguel_Petruzzella.X\Practica2prin.asm
   controlador_de_lectura   0x000000       data     static C:\Users\migue\MPLABXProjects\Practica2_Miguel_Petruzzella.X\Practica2prin.asm
                   tabram   0x000007       data     static C:\Users\migue\MPLABXProjects\Practica2_Miguel_Petruzzella.X\Practica2prin.asm
                     var2   0x000001       data     static C:\Users\migue\MPLABXProjects\Practica2_Miguel_Petruzzella.X\Practica2prin.asm
                     var3   0x000002       data     static C:\Users\migue\MPLABXProjects\Practica2_Miguel_Petruzzella.X\Practica2prin.asm
       var_de_comparacion   0x000004       data     static C:\Users\migue\MPLABXProjects\Practica2_Miguel_Petruzzella.X\Practica2prin.asm
           var_de_trabajo   0x000003       data     static C:\Users\migue\MPLABXProjects\Practica2_Miguel_Petruzzella.X\Practica2prin.asm



                              Symbols - Sorted by Address
                     Name    Address   Location    Storage File                     
                ---------  ---------  ---------  --------- ---------                
                    tabla   0x000006    program     static C:\Users\migue\MPLABXProjects\Practica2_Miguel_Petruzzella.X\Practica2prin.asm
                  guardar   0x000012    program     static C:\Users\migue\MPLABXProjects\Practica2_Miguel_Petruzzella.X\Practica2prin.asm
            carga_de_FSR0   0x000020    program     static C:\Users\migue\MPLABXProjects\Practica2_Miguel_Petruzzella.X\Practica2prin.asm
                 ordenado   0x000028    program     static C:\Users\migue\MPLABXProjects\Practica2_Miguel_Petruzzella.X\Practica2prin.asm
                _tbl_003E   0x000044    program     static C:\Users\migue\MPLABXProjects\Practica2_Miguel_Petruzzella.X\Practica2prin.asm
                     LAZO   0x000048    program     static C:\Users\migue\MPLABXProjects\Practica2_Miguel_Petruzzella.X\Practica2prin.asm
               cambia_pos   0x00006c    program     static C:\Users\migue\MPLABXProjects\Practica2_Miguel_Petruzzella.X\Practica2prin.asm
                _tbl_0076   0x00007c    program     static C:\Users\migue\MPLABXProjects\Practica2_Miguel_Petruzzella.X\Practica2prin.asm
                _tbl_007A   0x000080    program     static C:\Users\migue\MPLABXProjects\Practica2_Miguel_Petruzzella.X\Practica2prin.asm
                    START   0x000084    program     static C:\Users\migue\MPLABXProjects\Practica2_Miguel_Petruzzella.X\Practica2prin.asm
                     loop   0x000090    program     static C:\Users\migue\MPLABXProjects\Practica2_Miguel_Petruzzella.X\Practica2prin.asm
   controlador_de_lectura   0x000000       data     static C:\Users\migue\MPLABXProjects\Practica2_Miguel_Petruzzella.X\Practica2prin.asm
                     var2   0x000001       data     static C:\Users\migue\MPLABXProjects\Practica2_Miguel_Petruzzella.X\Practica2prin.asm
                     var3   0x000002       data     static C:\Users\migue\MPLABXProjects\Practica2_Miguel_Petruzzella.X\Practica2prin.asm
           var_de_trabajo   0x000003       data     static C:\Users\migue\MPLABXProjects\Practica2_Miguel_Petruzzella.X\Practica2prin.asm
       var_de_comparacion   0x000004       data     static C:\Users\migue\MPLABXProjects\Practica2_Miguel_Petruzzella.X\Practica2prin.asm
      contador_segundario   0x000005       data     static C:\Users\migue\MPLABXProjects\Practica2_Miguel_Petruzzella.X\Practica2prin.asm
       contador_principal   0x000006       data     static C:\Users\migue\MPLABXProjects\Practica2_Miguel_Petruzzella.X\Practica2prin.asm
                   tabram   0x000007       data     static C:\Users\migue\MPLABXProjects\Practica2_Miguel_Petruzzella.X\Practica2prin.asm


